// Jest Snapshot v1, https://jestjs.io/docs/snapshot-testing

exports[`The LiveActivities stack matches the snapshot for CODE 1`] = `
{
  "Metadata": {
    "gu:cdk:constructs": [],
    "gu:cdk:version": "TEST",
  },
  "Resources": {
    "liveactivitiesdynamotable87F336D2": {
      "DeletionPolicy": "Retain",
      "Properties": {
        "AttributeDefinitions": [
          {
            "AttributeName": "id",
            "AttributeType": "S",
          },
        ],
        "BillingMode": "PAY_PER_REQUEST",
        "KeySchema": [
          {
            "AttributeName": "id",
            "KeyType": "HASH",
          },
        ],
        "TableName": "mobile-notifications-liveactivities-CODE",
        "Tags": [
          {
            "Key": "devx-backup-enabled",
            "Value": "true",
          },
          {
            "Key": "gu:cdk:version",
            "Value": "TEST",
          },
          {
            "Key": "gu:repo",
            "Value": "guardian/mobile-n10n",
          },
          {
            "Key": "Stack",
            "Value": "mobile-notifications",
          },
          {
            "Key": "Stage",
            "Value": "CODE",
          },
        ],
      },
      "Type": "AWS::DynamoDB::Table",
      "UpdateReplacePolicy": "Retain",
    },
  },
}
`;
