// Jest Snapshot v1, https://goo.gl/fbAQLP

exports[`The Sender Worker stack matches the snapshot 1`] = `
{
  "Metadata": {
    "gu:cdk:constructs": [],
    "gu:cdk:version": "TEST",
  },
  "Outputs": {
    "NotificationSenderWorkerQueueArns": {
      "Export": {
        "Name": "NotificationSenderWorkerQueueArns-PROD",
      },
      "Value": {
        "Fn::Join": [
          ",",
          [
            {
              "Fn::GetAtt": [
                "iosSenderSqsA94CB0A0",
                "Arn",
              ],
            },
            {
              "Fn::GetAtt": [
                "androidSenderSqsCF269D3F",
                "Arn",
              ],
            },
            {
              "Fn::GetAtt": [
                "ioseditionSenderSqsFDE339AC",
                "Arn",
              ],
            },
            {
              "Fn::GetAtt": [
                "androideditionSenderSqs400C0F3A",
                "Arn",
              ],
            },
            {
              "Fn::GetAtt": [
                "androidbetaSenderSqs57513D18",
                "Arn",
              ],
            },
          ],
        ],
      },
    },
  },
  "Parameters": {
    "AlarmTopicArn": {
      "Description": "The ARN of the SNS topic to send all the cloudwatch alarms to",
      "Type": "String",
    },
    "BuildId": {
      "Description": "build id from teamcity, the image should be tagged with this",
      "Type": "String",
    },
    "CleanerQueueArnParam": {
      "Description": "The ARN of the cleaner SQS queue",
      "Type": "String",
    },
    "ReservedConcurrency": {
      "Description": "How many concurrent execution to provision the lamdba with",
      "Type": "Number",
    },
    "SenderTooFewInvocationsAlarmPeriodParam": {
      "Description": "How long until no execution is suspicious, in seconds",
      "Type": "Number",
    },
  },
  "Resources": {
    "androidExecutionRole81D14062": {
      "Properties": {
        "AssumeRolePolicyDocument": {
          "Statement": [
            {
              "Action": "sts:AssumeRole",
              "Effect": "Allow",
              "Principal": {
                "Service": "lambda.amazonaws.com",
              },
            },
          ],
          "Version": "2012-10-17",
        },
        "Path": "/",
        "Policies": [
          {
            "PolicyDocument": {
              "Statement": [
                {
                  "Action": "logs:CreateLogGroup",
                  "Effect": "Allow",
                  "Resource": {
                    "Fn::Join": [
                      "",
                      [
                        "arn:aws:logs:eu-west-1:",
                        {
                          "Ref": "AWS::AccountId",
                        },
                        ":*",
                      ],
                    ],
                  },
                },
                {
                  "Action": [
                    "logs:CreateLogStream",
                    "logs:PutLogEvents",
                  ],
                  "Effect": "Allow",
                  "Resource": {
                    "Fn::Join": [
                      "",
                      [
                        "arn:aws:logs:eu-west-1:",
                        {
                          "Ref": "AWS::AccountId",
                        },
                        ":log-group:/aws/lambda/*:*",
                      ],
                    ],
                  },
                },
              ],
              "Version": "2012-10-17",
            },
            "PolicyName": "logs",
          },
          {
            "PolicyDocument": {
              "Statement": [
                {
                  "Action": "sqs:*",
                  "Effect": "Allow",
                  "Resource": {
                    "Fn::GetAtt": [
                      "androidSenderSqsCF269D3F",
                      "Arn",
                    ],
                  },
                },
              ],
              "Version": "2012-10-17",
            },
            "PolicyName": "SQSOutput",
          },
          {
            "PolicyDocument": {
              "Statement": [
                {
                  "Action": "sqs:SendMessage",
                  "Effect": "Allow",
                  "Resource": {
                    "Ref": "CleanerQueueArnParam",
                  },
                },
              ],
              "Version": "2012-10-17",
            },
            "PolicyName": "SQSInput",
          },
          {
            "PolicyDocument": {
              "Statement": [
                {
                  "Action": "ssm:GetParametersByPath",
                  "Effect": "Allow",
                  "Resource": {
                    "Fn::Join": [
                      "",
                      [
                        "arn:aws:ssm:",
                        {
                          "Ref": "AWS::Region",
                        },
                        ":",
                        {
                          "Ref": "AWS::AccountId",
                        },
                        ":parameter/notifications/PROD/workers/android",
                      ],
                    ],
                  },
                },
              ],
              "Version": "2012-10-17",
            },
            "PolicyName": "Conf",
          },
          {
            "PolicyDocument": {
              "Statement": [
                {
                  "Action": "cloudwatch:PutMetricData",
                  "Effect": "Allow",
                  "Resource": "*",
                },
              ],
              "Version": "2012-10-17",
            },
            "PolicyName": "Cloudwatch",
          },
        ],
        "Tags": [
          {
            "Key": "App",
            "Value": "android",
          },
          {
            "Key": "gu:cdk:version",
            "Value": "TEST",
          },
          {
            "Key": "gu:repo",
            "Value": "guardian/mobile-n10n",
          },
          {
            "Key": "Stack",
            "Value": "mobile-notifications-workers",
          },
          {
            "Key": "Stage",
            "Value": "PROD",
          },
        ],
      },
      "Type": "AWS::IAM::Role",
    },
    "androidSenderDlqB74778CC": {
      "DeletionPolicy": "Delete",
      "Properties": {
        "Tags": [
          {
            "Key": "App",
            "Value": "android",
          },
          {
            "Key": "gu:cdk:version",
            "Value": "TEST",
          },
          {
            "Key": "gu:repo",
            "Value": "guardian/mobile-n10n",
          },
          {
            "Key": "Stack",
            "Value": "mobile-notifications-workers",
          },
          {
            "Key": "Stage",
            "Value": "PROD",
          },
        ],
      },
      "Type": "AWS::SQS::Queue",
      "UpdateReplacePolicy": "Delete",
    },
    "androidSenderErrorAlarmC6FC169C": {
      "Properties": {
        "AlarmActions": [
          {
            "Ref": "AlarmTopicArn",
          },
        ],
        "AlarmDescription": "Triggers if the android sender lambda errors in PROD.",
        "ComparisonOperator": "GreaterThanThreshold",
        "Dimensions": [
          {
            "Name": "FunctionName",
            "Value": {
              "Ref": "androidSenderLambdaCtr85CB623B",
            },
          },
        ],
        "EvaluationPeriods": 1,
        "MetricName": "Errors",
        "Namespace": "AWS/Lambda",
        "OKActions": [
          {
            "Ref": "AlarmTopicArn",
          },
        ],
        "Period": 360,
        "Statistic": "Sum",
        "Tags": [
          {
            "Key": "App",
            "Value": "android",
          },
          {
            "Key": "gu:cdk:version",
            "Value": "TEST",
          },
          {
            "Key": "gu:repo",
            "Value": "guardian/mobile-n10n",
          },
          {
            "Key": "Stack",
            "Value": "mobile-notifications-workers",
          },
          {
            "Key": "Stage",
            "Value": "PROD",
          },
        ],
        "Threshold": 0,
        "TreatMissingData": "notBreaching",
      },
      "Type": "AWS::CloudWatch::Alarm",
    },
    "androidSenderLambdaCtr85CB623B": {
      "DependsOn": [
        "androidExecutionRole81D14062",
      ],
      "Properties": {
        "Code": {
          "ImageUri": {
            "Fn::Join": [
              "",
              [
                {
                  "Fn::Select": [
                    4,
                    {
                      "Fn::Split": [
                        ":",
                        {
                          "Fn::ImportValue": "NotificationLambdaRepositoryArn",
                        },
                      ],
                    },
                  ],
                },
                ".dkr.ecr.",
                {
                  "Fn::Select": [
                    3,
                    {
                      "Fn::Split": [
                        ":",
                        {
                          "Fn::ImportValue": "NotificationLambdaRepositoryArn",
                        },
                      ],
                    },
                  ],
                },
                ".",
                {
                  "Ref": "AWS::URLSuffix",
                },
                "/",
                {
                  "Fn::ImportValue": "NotificationLambdaRepositoryName",
                },
                ":",
                {
                  "Ref": "BuildId",
                },
              ],
            ],
          },
        },
        "Description": "sends notifications for android",
        "Environment": {
          "Variables": {
            "App": "android",
            "Platform": "android",
            "Stack": "mobile-notifications-workers",
            "Stage": "PROD",
          },
        },
        "FunctionName": "mobile-notifications-workers-android-sender-ctr-PROD",
        "ImageConfig": {
          "Command": [
            "com.gu.notifications.worker.AndroidSender::handleChunkTokens",
          ],
        },
        "MemorySize": 10240,
        "PackageType": "Image",
        "ReservedConcurrentExecutions": {
          "Ref": "ReservedConcurrency",
        },
        "Role": {
          "Fn::GetAtt": [
            "androidExecutionRole81D14062",
            "Arn",
          ],
        },
        "Tags": [
          {
            "Key": "App",
            "Value": "android",
          },
          {
            "Key": "gu:cdk:version",
            "Value": "TEST",
          },
          {
            "Key": "gu:repo",
            "Value": "guardian/mobile-n10n",
          },
          {
            "Key": "Stack",
            "Value": "mobile-notifications-workers",
          },
          {
            "Key": "Stage",
            "Value": "PROD",
          },
        ],
        "Timeout": 180,
      },
      "Type": "AWS::Lambda::Function",
    },
    "androidSenderQueueSSMParameter88F729D1": {
      "Properties": {
        "DataType": "text",
        "Name": "/notifications/PROD/workers/harvester/androidLiveSqsCdkUrl",
        "Tags": {
          "App": "android",
          "Stack": "mobile-notifications-workers",
          "Stage": "PROD",
          "gu:cdk:version": "TEST",
          "gu:repo": "guardian/mobile-n10n",
        },
        "Tier": "Standard",
        "Type": "String",
        "Value": {
          "Ref": "androidSenderSqsCF269D3F",
        },
      },
      "Type": "AWS::SSM::Parameter",
    },
    "androidSenderSqsCF269D3F": {
      "DeletionPolicy": "Delete",
      "Properties": {
        "MessageRetentionPeriod": 3600,
        "RedrivePolicy": {
          "deadLetterTargetArn": {
            "Fn::GetAtt": [
              "androidSenderDlqB74778CC",
              "Arn",
            ],
          },
          "maxReceiveCount": 5,
        },
        "Tags": [
          {
            "Key": "App",
            "Value": "android",
          },
          {
            "Key": "gu:cdk:version",
            "Value": "TEST",
          },
          {
            "Key": "gu:repo",
            "Value": "guardian/mobile-n10n",
          },
          {
            "Key": "Stack",
            "Value": "mobile-notifications-workers",
          },
          {
            "Key": "Stage",
            "Value": "PROD",
          },
        ],
        "VisibilityTimeout": 190,
      },
      "Type": "AWS::SQS::Queue",
      "UpdateReplacePolicy": "Delete",
    },
    "androidSenderSqsEventSourceMapping29E8124B": {
      "DependsOn": [
        "androidSenderLambdaCtr85CB623B",
        "androidSenderSqsCF269D3F",
      ],
      "Properties": {
        "BatchSize": 20,
        "Enabled": true,
        "EventSourceArn": {
          "Fn::GetAtt": [
            "androidSenderSqsCF269D3F",
            "Arn",
          ],
        },
        "FunctionName": {
          "Ref": "androidSenderLambdaCtr85CB623B",
        },
        "MaximumBatchingWindowInSeconds": 1,
        "Tags": [
          {
            "Key": "App",
            "Value": "android",
          },
          {
            "Key": "gu:cdk:version",
            "Value": "TEST",
          },
          {
            "Key": "gu:repo",
            "Value": "guardian/mobile-n10n",
          },
          {
            "Key": "Stack",
            "Value": "mobile-notifications-workers",
          },
          {
            "Key": "Stage",
            "Value": "PROD",
          },
        ],
      },
      "Type": "AWS::Lambda::EventSourceMapping",
    },
    "androidSenderThrottleAlarmE6E5BEC7": {
      "Properties": {
        "AlarmActions": [
          {
            "Ref": "AlarmTopicArn",
          },
        ],
        "AlarmDescription": "Triggers if the android sender lambda is throttled in PROD.",
        "ComparisonOperator": "GreaterThanThreshold",
        "Dimensions": [
          {
            "Name": "FunctionName",
            "Value": {
              "Ref": "androidSenderLambdaCtr85CB623B",
            },
          },
        ],
        "EvaluationPeriods": 1,
        "MetricName": "Throttles",
        "Namespace": "AWS/Lambda",
        "OKActions": [
          {
            "Ref": "AlarmTopicArn",
          },
        ],
        "Period": 360,
        "Statistic": "Sum",
        "Tags": [
          {
            "Key": "App",
            "Value": "android",
          },
          {
            "Key": "gu:cdk:version",
            "Value": "TEST",
          },
          {
            "Key": "gu:repo",
            "Value": "guardian/mobile-n10n",
          },
          {
            "Key": "Stack",
            "Value": "mobile-notifications-workers",
          },
          {
            "Key": "Stage",
            "Value": "PROD",
          },
        ],
        "Threshold": 0,
        "TreatMissingData": "notBreaching",
      },
      "Type": "AWS::CloudWatch::Alarm",
    },
    "androidSenderTooFewBreakingNewsAlarmEE8C7099": {
      "Properties": {
        "ActionsEnabled": true,
        "AlarmActions": [
          {
            "Ref": "AlarmTopicArn",
          },
        ],
        "AlarmDescription": "Triggers if the android sender lambda is not frequently invoked for breaking news notification in PROD.",
        "ComparisonOperator": "LessThanOrEqualToThreshold",
        "Dimensions": [
          {
            "Name": "platform",
            "Value": "android",
          },
          {
            "Name": "type",
            "Value": "breakingNews",
          },
        ],
        "EvaluationPeriods": 48,
        "MetricName": "worker.notificationProcessingTime",
        "Namespace": "Notifications/PROD/workers",
        "OKActions": [
          {
            "Ref": "AlarmTopicArn",
          },
        ],
        "Period": 900,
        "Statistic": "SampleCount",
        "Tags": [
          {
            "Key": "App",
            "Value": "android",
          },
          {
            "Key": "gu:cdk:version",
            "Value": "TEST",
          },
          {
            "Key": "gu:repo",
            "Value": "guardian/mobile-n10n",
          },
          {
            "Key": "Stack",
            "Value": "mobile-notifications-workers",
          },
          {
            "Key": "Stage",
            "Value": "PROD",
          },
        ],
        "Threshold": 0,
        "TreatMissingData": "breaching",
      },
      "Type": "AWS::CloudWatch::Alarm",
    },
    "androidSenderTooFewInvocationsAlarmC306ECD5": {
      "Properties": {
        "ActionsEnabled": true,
        "AlarmActions": [
          {
            "Ref": "AlarmTopicArn",
          },
        ],
        "AlarmDescription": "Triggers if the android sender lambda is not frequently invoked in PROD.",
        "ComparisonOperator": "LessThanOrEqualToThreshold",
        "Dimensions": [
          {
            "Name": "FunctionName",
            "Value": {
              "Ref": "androidSenderLambdaCtr85CB623B",
            },
          },
        ],
        "EvaluationPeriods": 1,
        "MetricName": "Invocations",
        "Namespace": "AWS/Lambda",
        "OKActions": [
          {
            "Ref": "AlarmTopicArn",
          },
        ],
        "Period": 3600,
        "Statistic": "Sum",
        "Tags": [
          {
            "Key": "App",
            "Value": "android",
          },
          {
            "Key": "gu:cdk:version",
            "Value": "TEST",
          },
          {
            "Key": "gu:repo",
            "Value": "guardian/mobile-n10n",
          },
          {
            "Key": "Stack",
            "Value": "mobile-notifications-workers",
          },
          {
            "Key": "Stage",
            "Value": "PROD",
          },
        ],
        "Threshold": 0,
        "TreatMissingData": "breaching",
      },
      "Type": "AWS::CloudWatch::Alarm",
    },
    "androidSenderTooFewNonBreakingAlarm35FD6EBB": {
      "Properties": {
        "ActionsEnabled": true,
        "AlarmActions": [
          {
            "Ref": "AlarmTopicArn",
          },
        ],
        "AlarmDescription": "Triggers if the android sender lambda is not frequently invoked for non-breaking news notification in PROD.",
        "ComparisonOperator": "LessThanOrEqualToThreshold",
        "Dimensions": [
          {
            "Name": "platform",
            "Value": "android",
          },
          {
            "Name": "type",
            "Value": "other",
          },
        ],
        "EvaluationPeriods": 8,
        "MetricName": "worker.notificationProcessingTime",
        "Namespace": "Notifications/PROD/workers",
        "OKActions": [
          {
            "Ref": "AlarmTopicArn",
          },
        ],
        "Period": 900,
        "Statistic": "SampleCount",
        "Tags": [
          {
            "Key": "App",
            "Value": "android",
          },
          {
            "Key": "gu:cdk:version",
            "Value": "TEST",
          },
          {
            "Key": "gu:repo",
            "Value": "guardian/mobile-n10n",
          },
          {
            "Key": "Stack",
            "Value": "mobile-notifications-workers",
          },
          {
            "Key": "Stage",
            "Value": "PROD",
          },
        ],
        "Threshold": 0,
        "TreatMissingData": "breaching",
      },
      "Type": "AWS::CloudWatch::Alarm",
    },
    "androidbetaExecutionRoleFA113395": {
      "Properties": {
        "AssumeRolePolicyDocument": {
          "Statement": [
            {
              "Action": "sts:AssumeRole",
              "Effect": "Allow",
              "Principal": {
                "Service": "lambda.amazonaws.com",
              },
            },
          ],
          "Version": "2012-10-17",
        },
        "Path": "/",
        "Policies": [
          {
            "PolicyDocument": {
              "Statement": [
                {
                  "Action": "logs:CreateLogGroup",
                  "Effect": "Allow",
                  "Resource": {
                    "Fn::Join": [
                      "",
                      [
                        "arn:aws:logs:eu-west-1:",
                        {
                          "Ref": "AWS::AccountId",
                        },
                        ":*",
                      ],
                    ],
                  },
                },
                {
                  "Action": [
                    "logs:CreateLogStream",
                    "logs:PutLogEvents",
                  ],
                  "Effect": "Allow",
                  "Resource": {
                    "Fn::Join": [
                      "",
                      [
                        "arn:aws:logs:eu-west-1:",
                        {
                          "Ref": "AWS::AccountId",
                        },
                        ":log-group:/aws/lambda/*:*",
                      ],
                    ],
                  },
                },
              ],
              "Version": "2012-10-17",
            },
            "PolicyName": "logs",
          },
          {
            "PolicyDocument": {
              "Statement": [
                {
                  "Action": "sqs:*",
                  "Effect": "Allow",
                  "Resource": {
                    "Fn::GetAtt": [
                      "androidbetaSenderSqs57513D18",
                      "Arn",
                    ],
                  },
                },
              ],
              "Version": "2012-10-17",
            },
            "PolicyName": "SQSOutput",
          },
          {
            "PolicyDocument": {
              "Statement": [
                {
                  "Action": "sqs:SendMessage",
                  "Effect": "Allow",
                  "Resource": {
                    "Ref": "CleanerQueueArnParam",
                  },
                },
              ],
              "Version": "2012-10-17",
            },
            "PolicyName": "SQSInput",
          },
          {
            "PolicyDocument": {
              "Statement": [
                {
                  "Action": "ssm:GetParametersByPath",
                  "Effect": "Allow",
                  "Resource": {
                    "Fn::Join": [
                      "",
                      [
                        "arn:aws:ssm:",
                        {
                          "Ref": "AWS::Region",
                        },
                        ":",
                        {
                          "Ref": "AWS::AccountId",
                        },
                        ":parameter/notifications/PROD/workers/android-beta",
                      ],
                    ],
                  },
                },
              ],
              "Version": "2012-10-17",
            },
            "PolicyName": "Conf",
          },
          {
            "PolicyDocument": {
              "Statement": [
                {
                  "Action": "cloudwatch:PutMetricData",
                  "Effect": "Allow",
                  "Resource": "*",
                },
              ],
              "Version": "2012-10-17",
            },
            "PolicyName": "Cloudwatch",
          },
        ],
        "Tags": [
          {
            "Key": "App",
            "Value": "android-beta",
          },
          {
            "Key": "gu:cdk:version",
            "Value": "TEST",
          },
          {
            "Key": "gu:repo",
            "Value": "guardian/mobile-n10n",
          },
          {
            "Key": "Stack",
            "Value": "mobile-notifications-workers",
          },
          {
            "Key": "Stage",
            "Value": "PROD",
          },
        ],
      },
      "Type": "AWS::IAM::Role",
    },
    "androidbetaSenderDlqE9C306E1": {
      "DeletionPolicy": "Delete",
      "Properties": {
        "Tags": [
          {
            "Key": "App",
            "Value": "android-beta",
          },
          {
            "Key": "gu:cdk:version",
            "Value": "TEST",
          },
          {
            "Key": "gu:repo",
            "Value": "guardian/mobile-n10n",
          },
          {
            "Key": "Stack",
            "Value": "mobile-notifications-workers",
          },
          {
            "Key": "Stage",
            "Value": "PROD",
          },
        ],
      },
      "Type": "AWS::SQS::Queue",
      "UpdateReplacePolicy": "Delete",
    },
    "androidbetaSenderErrorAlarmE6FAB709": {
      "Properties": {
        "AlarmActions": [
          {
            "Ref": "AlarmTopicArn",
          },
        ],
        "AlarmDescription": "Triggers if the android-beta sender lambda errors in PROD.",
        "ComparisonOperator": "GreaterThanThreshold",
        "Dimensions": [
          {
            "Name": "FunctionName",
            "Value": {
              "Ref": "androidbetaSenderLambdaCtrB3CF7FC4",
            },
          },
        ],
        "EvaluationPeriods": 1,
        "MetricName": "Errors",
        "Namespace": "AWS/Lambda",
        "OKActions": [
          {
            "Ref": "AlarmTopicArn",
          },
        ],
        "Period": 360,
        "Statistic": "Sum",
        "Tags": [
          {
            "Key": "App",
            "Value": "android-beta",
          },
          {
            "Key": "gu:cdk:version",
            "Value": "TEST",
          },
          {
            "Key": "gu:repo",
            "Value": "guardian/mobile-n10n",
          },
          {
            "Key": "Stack",
            "Value": "mobile-notifications-workers",
          },
          {
            "Key": "Stage",
            "Value": "PROD",
          },
        ],
        "Threshold": 0,
        "TreatMissingData": "notBreaching",
      },
      "Type": "AWS::CloudWatch::Alarm",
    },
    "androidbetaSenderLambdaCtrB3CF7FC4": {
      "DependsOn": [
        "androidbetaExecutionRoleFA113395",
      ],
      "Properties": {
        "Code": {
          "ImageUri": {
            "Fn::Join": [
              "",
              [
                {
                  "Fn::Select": [
                    4,
                    {
                      "Fn::Split": [
                        ":",
                        {
                          "Fn::ImportValue": "NotificationLambdaRepositoryArn",
                        },
                      ],
                    },
                  ],
                },
                ".dkr.ecr.",
                {
                  "Fn::Select": [
                    3,
                    {
                      "Fn::Split": [
                        ":",
                        {
                          "Fn::ImportValue": "NotificationLambdaRepositoryArn",
                        },
                      ],
                    },
                  ],
                },
                ".",
                {
                  "Ref": "AWS::URLSuffix",
                },
                "/",
                {
                  "Fn::ImportValue": "NotificationLambdaRepositoryName",
                },
                ":",
                {
                  "Ref": "BuildId",
                },
              ],
            ],
          },
        },
        "Description": "sends notifications for android-beta",
        "Environment": {
          "Variables": {
            "App": "android-beta",
            "Platform": "android-beta",
            "Stack": "mobile-notifications-workers",
            "Stage": "PROD",
          },
        },
        "FunctionName": "mobile-notifications-workers-android-beta-sender-ctr-PROD",
        "ImageConfig": {
          "Command": [
            "com.gu.notifications.worker.AndroidSender::handleChunkTokens",
          ],
        },
        "MemorySize": 10240,
        "PackageType": "Image",
        "ReservedConcurrentExecutions": {
          "Ref": "ReservedConcurrency",
        },
        "Role": {
          "Fn::GetAtt": [
            "androidbetaExecutionRoleFA113395",
            "Arn",
          ],
        },
        "Tags": [
          {
            "Key": "App",
            "Value": "android-beta",
          },
          {
            "Key": "gu:cdk:version",
            "Value": "TEST",
          },
          {
            "Key": "gu:repo",
            "Value": "guardian/mobile-n10n",
          },
          {
            "Key": "Stack",
            "Value": "mobile-notifications-workers",
          },
          {
            "Key": "Stage",
            "Value": "PROD",
          },
        ],
        "Timeout": 90,
      },
      "Type": "AWS::Lambda::Function",
    },
    "androidbetaSenderQueueSSMParameterCEB2EE8F": {
      "Properties": {
        "DataType": "text",
        "Name": "/notifications/PROD/workers/harvester/androidBetaSqsCdkUrl",
        "Tags": {
          "App": "android-beta",
          "Stack": "mobile-notifications-workers",
          "Stage": "PROD",
          "gu:cdk:version": "TEST",
          "gu:repo": "guardian/mobile-n10n",
        },
        "Tier": "Standard",
        "Type": "String",
        "Value": {
          "Ref": "androidbetaSenderSqs57513D18",
        },
      },
      "Type": "AWS::SSM::Parameter",
    },
    "androidbetaSenderSqs57513D18": {
      "DeletionPolicy": "Delete",
      "Properties": {
        "MessageRetentionPeriod": 3600,
        "RedrivePolicy": {
          "deadLetterTargetArn": {
            "Fn::GetAtt": [
              "androidbetaSenderDlqE9C306E1",
              "Arn",
            ],
          },
          "maxReceiveCount": 5,
        },
        "Tags": [
          {
            "Key": "App",
            "Value": "android-beta",
          },
          {
            "Key": "gu:cdk:version",
            "Value": "TEST",
          },
          {
            "Key": "gu:repo",
            "Value": "guardian/mobile-n10n",
          },
          {
            "Key": "Stack",
            "Value": "mobile-notifications-workers",
          },
          {
            "Key": "Stage",
            "Value": "PROD",
          },
        ],
        "VisibilityTimeout": 100,
      },
      "Type": "AWS::SQS::Queue",
      "UpdateReplacePolicy": "Delete",
    },
    "androidbetaSenderSqsEventSourceMappingA8FE78C9": {
      "DependsOn": [
        "androidbetaSenderLambdaCtrB3CF7FC4",
        "androidbetaSenderSqs57513D18",
      ],
      "Properties": {
        "BatchSize": 1,
        "Enabled": true,
        "EventSourceArn": {
          "Fn::GetAtt": [
            "androidbetaSenderSqs57513D18",
            "Arn",
          ],
        },
        "FunctionName": {
          "Ref": "androidbetaSenderLambdaCtrB3CF7FC4",
        },
        "MaximumBatchingWindowInSeconds": 0,
        "Tags": [
          {
            "Key": "App",
            "Value": "android-beta",
          },
          {
            "Key": "gu:cdk:version",
            "Value": "TEST",
          },
          {
            "Key": "gu:repo",
            "Value": "guardian/mobile-n10n",
          },
          {
            "Key": "Stack",
            "Value": "mobile-notifications-workers",
          },
          {
            "Key": "Stage",
            "Value": "PROD",
          },
        ],
      },
      "Type": "AWS::Lambda::EventSourceMapping",
    },
    "androidbetaSenderThrottleAlarmEA10B1A4": {
      "Properties": {
        "AlarmActions": [
          {
            "Ref": "AlarmTopicArn",
          },
        ],
        "AlarmDescription": "Triggers if the android-beta sender lambda is throttled in PROD.",
        "ComparisonOperator": "GreaterThanThreshold",
        "Dimensions": [
          {
            "Name": "FunctionName",
            "Value": {
              "Ref": "androidbetaSenderLambdaCtrB3CF7FC4",
            },
          },
        ],
        "EvaluationPeriods": 1,
        "MetricName": "Throttles",
        "Namespace": "AWS/Lambda",
        "OKActions": [
          {
            "Ref": "AlarmTopicArn",
          },
        ],
        "Period": 360,
        "Statistic": "Sum",
        "Tags": [
          {
            "Key": "App",
            "Value": "android-beta",
          },
          {
            "Key": "gu:cdk:version",
            "Value": "TEST",
          },
          {
            "Key": "gu:repo",
            "Value": "guardian/mobile-n10n",
          },
          {
            "Key": "Stack",
            "Value": "mobile-notifications-workers",
          },
          {
            "Key": "Stage",
            "Value": "PROD",
          },
        ],
        "Threshold": 0,
        "TreatMissingData": "notBreaching",
      },
      "Type": "AWS::CloudWatch::Alarm",
    },
    "androidbetaSenderTooFewInvocationsAlarm7B50CD4B": {
      "Properties": {
        "ActionsEnabled": true,
        "AlarmActions": [
          {
            "Ref": "AlarmTopicArn",
          },
        ],
        "AlarmDescription": "Triggers if the android-beta sender lambda is not frequently invoked in PROD.",
        "ComparisonOperator": "LessThanOrEqualToThreshold",
        "Dimensions": [
          {
            "Name": "FunctionName",
            "Value": {
              "Ref": "androidbetaSenderLambdaCtrB3CF7FC4",
            },
          },
        ],
        "EvaluationPeriods": 1,
        "MetricName": "Invocations",
        "Namespace": "AWS/Lambda",
        "OKActions": [
          {
            "Ref": "AlarmTopicArn",
          },
        ],
        "Period": 3600,
        "Statistic": "Sum",
        "Tags": [
          {
            "Key": "App",
            "Value": "android-beta",
          },
          {
            "Key": "gu:cdk:version",
            "Value": "TEST",
          },
          {
            "Key": "gu:repo",
            "Value": "guardian/mobile-n10n",
          },
          {
            "Key": "Stack",
            "Value": "mobile-notifications-workers",
          },
          {
            "Key": "Stage",
            "Value": "PROD",
          },
        ],
        "Threshold": 0,
        "TreatMissingData": "breaching",
      },
      "Type": "AWS::CloudWatch::Alarm",
    },
    "androideditionExecutionRoleDEF8ADAE": {
      "Properties": {
        "AssumeRolePolicyDocument": {
          "Statement": [
            {
              "Action": "sts:AssumeRole",
              "Effect": "Allow",
              "Principal": {
                "Service": "lambda.amazonaws.com",
              },
            },
          ],
          "Version": "2012-10-17",
        },
        "Path": "/",
        "Policies": [
          {
            "PolicyDocument": {
              "Statement": [
                {
                  "Action": "logs:CreateLogGroup",
                  "Effect": "Allow",
                  "Resource": {
                    "Fn::Join": [
                      "",
                      [
                        "arn:aws:logs:eu-west-1:",
                        {
                          "Ref": "AWS::AccountId",
                        },
                        ":*",
                      ],
                    ],
                  },
                },
                {
                  "Action": [
                    "logs:CreateLogStream",
                    "logs:PutLogEvents",
                  ],
                  "Effect": "Allow",
                  "Resource": {
                    "Fn::Join": [
                      "",
                      [
                        "arn:aws:logs:eu-west-1:",
                        {
                          "Ref": "AWS::AccountId",
                        },
                        ":log-group:/aws/lambda/*:*",
                      ],
                    ],
                  },
                },
              ],
              "Version": "2012-10-17",
            },
            "PolicyName": "logs",
          },
          {
            "PolicyDocument": {
              "Statement": [
                {
                  "Action": "sqs:*",
                  "Effect": "Allow",
                  "Resource": {
                    "Fn::GetAtt": [
                      "androideditionSenderSqs400C0F3A",
                      "Arn",
                    ],
                  },
                },
              ],
              "Version": "2012-10-17",
            },
            "PolicyName": "SQSOutput",
          },
          {
            "PolicyDocument": {
              "Statement": [
                {
                  "Action": "sqs:SendMessage",
                  "Effect": "Allow",
                  "Resource": {
                    "Ref": "CleanerQueueArnParam",
                  },
                },
              ],
              "Version": "2012-10-17",
            },
            "PolicyName": "SQSInput",
          },
          {
            "PolicyDocument": {
              "Statement": [
                {
                  "Action": "ssm:GetParametersByPath",
                  "Effect": "Allow",
                  "Resource": {
                    "Fn::Join": [
                      "",
                      [
                        "arn:aws:ssm:",
                        {
                          "Ref": "AWS::Region",
                        },
                        ":",
                        {
                          "Ref": "AWS::AccountId",
                        },
                        ":parameter/notifications/PROD/workers/android-edition",
                      ],
                    ],
                  },
                },
              ],
              "Version": "2012-10-17",
            },
            "PolicyName": "Conf",
          },
          {
            "PolicyDocument": {
              "Statement": [
                {
                  "Action": "cloudwatch:PutMetricData",
                  "Effect": "Allow",
                  "Resource": "*",
                },
              ],
              "Version": "2012-10-17",
            },
            "PolicyName": "Cloudwatch",
          },
        ],
        "Tags": [
          {
            "Key": "App",
            "Value": "android-edition",
          },
          {
            "Key": "gu:cdk:version",
            "Value": "TEST",
          },
          {
            "Key": "gu:repo",
            "Value": "guardian/mobile-n10n",
          },
          {
            "Key": "Stack",
            "Value": "mobile-notifications-workers",
          },
          {
            "Key": "Stage",
            "Value": "PROD",
          },
        ],
      },
      "Type": "AWS::IAM::Role",
    },
    "androideditionSenderDlqE5B23A41": {
      "DeletionPolicy": "Delete",
      "Properties": {
        "Tags": [
          {
            "Key": "App",
            "Value": "android-edition",
          },
          {
            "Key": "gu:cdk:version",
            "Value": "TEST",
          },
          {
            "Key": "gu:repo",
            "Value": "guardian/mobile-n10n",
          },
          {
            "Key": "Stack",
            "Value": "mobile-notifications-workers",
          },
          {
            "Key": "Stage",
            "Value": "PROD",
          },
        ],
      },
      "Type": "AWS::SQS::Queue",
      "UpdateReplacePolicy": "Delete",
    },
    "androideditionSenderErrorAlarmD6FB170B": {
      "Properties": {
        "AlarmActions": [
          {
            "Ref": "AlarmTopicArn",
          },
        ],
        "AlarmDescription": "Triggers if the android-edition sender lambda errors in PROD.",
        "ComparisonOperator": "GreaterThanThreshold",
        "Dimensions": [
          {
            "Name": "FunctionName",
            "Value": {
              "Ref": "androideditionSenderLambdaCtrF0169D16",
            },
          },
        ],
        "EvaluationPeriods": 1,
        "MetricName": "Errors",
        "Namespace": "AWS/Lambda",
        "OKActions": [
          {
            "Ref": "AlarmTopicArn",
          },
        ],
        "Period": 360,
        "Statistic": "Sum",
        "Tags": [
          {
            "Key": "App",
            "Value": "android-edition",
          },
          {
            "Key": "gu:cdk:version",
            "Value": "TEST",
          },
          {
            "Key": "gu:repo",
            "Value": "guardian/mobile-n10n",
          },
          {
            "Key": "Stack",
            "Value": "mobile-notifications-workers",
          },
          {
            "Key": "Stage",
            "Value": "PROD",
          },
        ],
        "Threshold": 0,
        "TreatMissingData": "notBreaching",
      },
      "Type": "AWS::CloudWatch::Alarm",
    },
    "androideditionSenderLambdaCtrF0169D16": {
      "DependsOn": [
        "androideditionExecutionRoleDEF8ADAE",
      ],
      "Properties": {
        "Code": {
          "ImageUri": {
            "Fn::Join": [
              "",
              [
                {
                  "Fn::Select": [
                    4,
                    {
                      "Fn::Split": [
                        ":",
                        {
                          "Fn::ImportValue": "NotificationLambdaRepositoryArn",
                        },
                      ],
                    },
                  ],
                },
                ".dkr.ecr.",
                {
                  "Fn::Select": [
                    3,
                    {
                      "Fn::Split": [
                        ":",
                        {
                          "Fn::ImportValue": "NotificationLambdaRepositoryArn",
                        },
                      ],
                    },
                  ],
                },
                ".",
                {
                  "Ref": "AWS::URLSuffix",
                },
                "/",
                {
                  "Fn::ImportValue": "NotificationLambdaRepositoryName",
                },
                ":",
                {
                  "Ref": "BuildId",
                },
              ],
            ],
          },
        },
        "Description": "sends notifications for android-edition",
        "Environment": {
          "Variables": {
            "App": "android-edition",
            "Platform": "android-edition",
            "Stack": "mobile-notifications-workers",
            "Stage": "PROD",
          },
        },
        "FunctionName": "mobile-notifications-workers-android-edition-sender-ctr-PROD",
        "ImageConfig": {
          "Command": [
            "com.gu.notifications.worker.AndroidSender::handleChunkTokens",
          ],
        },
        "MemorySize": 10240,
        "PackageType": "Image",
        "ReservedConcurrentExecutions": {
          "Ref": "ReservedConcurrency",
        },
        "Role": {
          "Fn::GetAtt": [
            "androideditionExecutionRoleDEF8ADAE",
            "Arn",
          ],
        },
        "Tags": [
          {
            "Key": "App",
            "Value": "android-edition",
          },
          {
            "Key": "gu:cdk:version",
            "Value": "TEST",
          },
          {
            "Key": "gu:repo",
            "Value": "guardian/mobile-n10n",
          },
          {
            "Key": "Stack",
            "Value": "mobile-notifications-workers",
          },
          {
            "Key": "Stage",
            "Value": "PROD",
          },
        ],
        "Timeout": 90,
      },
      "Type": "AWS::Lambda::Function",
    },
    "androideditionSenderQueueSSMParameterEC513AB5": {
      "Properties": {
        "DataType": "text",
        "Name": "/notifications/PROD/workers/harvester/androidEditionSqsCdkUrl",
        "Tags": {
          "App": "android-edition",
          "Stack": "mobile-notifications-workers",
          "Stage": "PROD",
          "gu:cdk:version": "TEST",
          "gu:repo": "guardian/mobile-n10n",
        },
        "Tier": "Standard",
        "Type": "String",
        "Value": {
          "Ref": "androideditionSenderSqs400C0F3A",
        },
      },
      "Type": "AWS::SSM::Parameter",
    },
    "androideditionSenderSqs400C0F3A": {
      "DeletionPolicy": "Delete",
      "Properties": {
        "MessageRetentionPeriod": 3600,
        "RedrivePolicy": {
          "deadLetterTargetArn": {
            "Fn::GetAtt": [
              "androideditionSenderDlqE5B23A41",
              "Arn",
            ],
          },
          "maxReceiveCount": 5,
        },
        "Tags": [
          {
            "Key": "App",
            "Value": "android-edition",
          },
          {
            "Key": "gu:cdk:version",
            "Value": "TEST",
          },
          {
            "Key": "gu:repo",
            "Value": "guardian/mobile-n10n",
          },
          {
            "Key": "Stack",
            "Value": "mobile-notifications-workers",
          },
          {
            "Key": "Stage",
            "Value": "PROD",
          },
        ],
        "VisibilityTimeout": 100,
      },
      "Type": "AWS::SQS::Queue",
      "UpdateReplacePolicy": "Delete",
    },
    "androideditionSenderSqsEventSourceMapping87D2DEDF": {
      "DependsOn": [
        "androideditionSenderLambdaCtrF0169D16",
        "androideditionSenderSqs400C0F3A",
      ],
      "Properties": {
        "BatchSize": 1,
        "Enabled": true,
        "EventSourceArn": {
          "Fn::GetAtt": [
            "androideditionSenderSqs400C0F3A",
            "Arn",
          ],
        },
        "FunctionName": {
          "Ref": "androideditionSenderLambdaCtrF0169D16",
        },
        "MaximumBatchingWindowInSeconds": 0,
        "Tags": [
          {
            "Key": "App",
            "Value": "android-edition",
          },
          {
            "Key": "gu:cdk:version",
            "Value": "TEST",
          },
          {
            "Key": "gu:repo",
            "Value": "guardian/mobile-n10n",
          },
          {
            "Key": "Stack",
            "Value": "mobile-notifications-workers",
          },
          {
            "Key": "Stage",
            "Value": "PROD",
          },
        ],
      },
      "Type": "AWS::Lambda::EventSourceMapping",
    },
    "androideditionSenderThrottleAlarmBE557A69": {
      "Properties": {
        "AlarmActions": [
          {
            "Ref": "AlarmTopicArn",
          },
        ],
        "AlarmDescription": "Triggers if the android-edition sender lambda is throttled in PROD.",
        "ComparisonOperator": "GreaterThanThreshold",
        "Dimensions": [
          {
            "Name": "FunctionName",
            "Value": {
              "Ref": "androideditionSenderLambdaCtrF0169D16",
            },
          },
        ],
        "EvaluationPeriods": 1,
        "MetricName": "Throttles",
        "Namespace": "AWS/Lambda",
        "OKActions": [
          {
            "Ref": "AlarmTopicArn",
          },
        ],
        "Period": 360,
        "Statistic": "Sum",
        "Tags": [
          {
            "Key": "App",
            "Value": "android-edition",
          },
          {
            "Key": "gu:cdk:version",
            "Value": "TEST",
          },
          {
            "Key": "gu:repo",
            "Value": "guardian/mobile-n10n",
          },
          {
            "Key": "Stack",
            "Value": "mobile-notifications-workers",
          },
          {
            "Key": "Stage",
            "Value": "PROD",
          },
        ],
        "Threshold": 0,
        "TreatMissingData": "notBreaching",
      },
      "Type": "AWS::CloudWatch::Alarm",
    },
    "androideditionSenderTooFewInvocationsAlarmE4AB00FB": {
      "Properties": {
        "ActionsEnabled": true,
        "AlarmActions": [
          {
            "Ref": "AlarmTopicArn",
          },
        ],
        "AlarmDescription": "Triggers if the android-edition sender lambda is not frequently invoked in PROD.",
        "ComparisonOperator": "LessThanOrEqualToThreshold",
        "Dimensions": [
          {
            "Name": "FunctionName",
            "Value": {
              "Ref": "androideditionSenderLambdaCtrF0169D16",
            },
          },
        ],
        "EvaluationPeriods": 1,
        "MetricName": "Invocations",
        "Namespace": "AWS/Lambda",
        "OKActions": [
          {
            "Ref": "AlarmTopicArn",
          },
        ],
        "Period": 86400,
        "Statistic": "Sum",
        "Tags": [
          {
            "Key": "App",
            "Value": "android-edition",
          },
          {
            "Key": "gu:cdk:version",
            "Value": "TEST",
          },
          {
            "Key": "gu:repo",
            "Value": "guardian/mobile-n10n",
          },
          {
            "Key": "Stack",
            "Value": "mobile-notifications-workers",
          },
          {
            "Key": "Stage",
            "Value": "PROD",
          },
        ],
        "Threshold": 0,
        "TreatMissingData": "breaching",
      },
      "Type": "AWS::CloudWatch::Alarm",
    },
    "iosExecutionRoleEE25DF12": {
      "Properties": {
        "AssumeRolePolicyDocument": {
          "Statement": [
            {
              "Action": "sts:AssumeRole",
              "Effect": "Allow",
              "Principal": {
                "Service": "lambda.amazonaws.com",
              },
            },
          ],
          "Version": "2012-10-17",
        },
        "Path": "/",
        "Policies": [
          {
            "PolicyDocument": {
              "Statement": [
                {
                  "Action": "logs:CreateLogGroup",
                  "Effect": "Allow",
                  "Resource": {
                    "Fn::Join": [
                      "",
                      [
                        "arn:aws:logs:eu-west-1:",
                        {
                          "Ref": "AWS::AccountId",
                        },
                        ":*",
                      ],
                    ],
                  },
                },
                {
                  "Action": [
                    "logs:CreateLogStream",
                    "logs:PutLogEvents",
                  ],
                  "Effect": "Allow",
                  "Resource": {
                    "Fn::Join": [
                      "",
                      [
                        "arn:aws:logs:eu-west-1:",
                        {
                          "Ref": "AWS::AccountId",
                        },
                        ":log-group:/aws/lambda/*:*",
                      ],
                    ],
                  },
                },
              ],
              "Version": "2012-10-17",
            },
            "PolicyName": "logs",
          },
          {
            "PolicyDocument": {
              "Statement": [
                {
                  "Action": "sqs:*",
                  "Effect": "Allow",
                  "Resource": {
                    "Fn::GetAtt": [
                      "iosSenderSqsA94CB0A0",
                      "Arn",
                    ],
                  },
                },
              ],
              "Version": "2012-10-17",
            },
            "PolicyName": "SQSOutput",
          },
          {
            "PolicyDocument": {
              "Statement": [
                {
                  "Action": "sqs:SendMessage",
                  "Effect": "Allow",
                  "Resource": {
                    "Ref": "CleanerQueueArnParam",
                  },
                },
              ],
              "Version": "2012-10-17",
            },
            "PolicyName": "SQSInput",
          },
          {
            "PolicyDocument": {
              "Statement": [
                {
                  "Action": "ssm:GetParametersByPath",
                  "Effect": "Allow",
                  "Resource": {
                    "Fn::Join": [
                      "",
                      [
                        "arn:aws:ssm:",
                        {
                          "Ref": "AWS::Region",
                        },
                        ":",
                        {
                          "Ref": "AWS::AccountId",
                        },
                        ":parameter/notifications/PROD/workers/ios",
                      ],
                    ],
                  },
                },
              ],
              "Version": "2012-10-17",
            },
            "PolicyName": "Conf",
          },
          {
            "PolicyDocument": {
              "Statement": [
                {
                  "Action": "cloudwatch:PutMetricData",
                  "Effect": "Allow",
                  "Resource": "*",
                },
              ],
              "Version": "2012-10-17",
            },
            "PolicyName": "Cloudwatch",
          },
        ],
        "Tags": [
          {
            "Key": "App",
            "Value": "ios",
          },
          {
            "Key": "gu:cdk:version",
            "Value": "TEST",
          },
          {
            "Key": "gu:repo",
            "Value": "guardian/mobile-n10n",
          },
          {
            "Key": "Stack",
            "Value": "mobile-notifications-workers",
          },
          {
            "Key": "Stage",
            "Value": "PROD",
          },
        ],
      },
      "Type": "AWS::IAM::Role",
    },
    "iosSenderDlqE2E2925D": {
      "DeletionPolicy": "Delete",
      "Properties": {
        "Tags": [
          {
            "Key": "App",
            "Value": "ios",
          },
          {
            "Key": "gu:cdk:version",
            "Value": "TEST",
          },
          {
            "Key": "gu:repo",
            "Value": "guardian/mobile-n10n",
          },
          {
            "Key": "Stack",
            "Value": "mobile-notifications-workers",
          },
          {
            "Key": "Stage",
            "Value": "PROD",
          },
        ],
      },
      "Type": "AWS::SQS::Queue",
      "UpdateReplacePolicy": "Delete",
    },
    "iosSenderErrorAlarmAD88F28E": {
      "Properties": {
        "AlarmActions": [
          {
            "Ref": "AlarmTopicArn",
          },
        ],
        "AlarmDescription": "Triggers if the ios sender lambda errors in PROD.",
        "ComparisonOperator": "GreaterThanThreshold",
        "Dimensions": [
          {
            "Name": "FunctionName",
            "Value": {
              "Ref": "iosSenderLambdaCtr6053C1F8",
            },
          },
        ],
        "EvaluationPeriods": 1,
        "MetricName": "Errors",
        "Namespace": "AWS/Lambda",
        "OKActions": [
          {
            "Ref": "AlarmTopicArn",
          },
        ],
        "Period": 360,
        "Statistic": "Sum",
        "Tags": [
          {
            "Key": "App",
            "Value": "ios",
          },
          {
            "Key": "gu:cdk:version",
            "Value": "TEST",
          },
          {
            "Key": "gu:repo",
            "Value": "guardian/mobile-n10n",
          },
          {
            "Key": "Stack",
            "Value": "mobile-notifications-workers",
          },
          {
            "Key": "Stage",
            "Value": "PROD",
          },
        ],
        "Threshold": 0,
        "TreatMissingData": "notBreaching",
      },
      "Type": "AWS::CloudWatch::Alarm",
    },
    "iosSenderLambdaCtr6053C1F8": {
      "DependsOn": [
        "iosExecutionRoleEE25DF12",
      ],
      "Properties": {
        "Code": {
          "ImageUri": {
            "Fn::Join": [
              "",
              [
                {
                  "Fn::Select": [
                    4,
                    {
                      "Fn::Split": [
                        ":",
                        {
                          "Fn::ImportValue": "NotificationLambdaRepositoryArn",
                        },
                      ],
                    },
                  ],
                },
                ".dkr.ecr.",
                {
                  "Fn::Select": [
                    3,
                    {
                      "Fn::Split": [
                        ":",
                        {
                          "Fn::ImportValue": "NotificationLambdaRepositoryArn",
                        },
                      ],
                    },
                  ],
                },
                ".",
                {
                  "Ref": "AWS::URLSuffix",
                },
                "/",
                {
                  "Fn::ImportValue": "NotificationLambdaRepositoryName",
                },
                ":",
                {
                  "Ref": "BuildId",
                },
              ],
            ],
          },
        },
        "Description": "sends notifications for ios",
        "Environment": {
          "Variables": {
            "App": "ios",
            "Platform": "ios",
            "Stack": "mobile-notifications-workers",
            "Stage": "PROD",
          },
        },
        "FunctionName": "mobile-notifications-workers-ios-sender-ctr-PROD",
        "ImageConfig": {
          "Command": [
            "com.gu.notifications.worker.IOSSender::handleChunkTokens",
          ],
        },
        "MemorySize": 10240,
        "PackageType": "Image",
        "ReservedConcurrentExecutions": {
          "Ref": "ReservedConcurrency",
        },
        "Role": {
          "Fn::GetAtt": [
            "iosExecutionRoleEE25DF12",
            "Arn",
          ],
        },
        "Tags": [
          {
            "Key": "App",
            "Value": "ios",
          },
          {
            "Key": "gu:cdk:version",
            "Value": "TEST",
          },
          {
            "Key": "gu:repo",
            "Value": "guardian/mobile-n10n",
          },
          {
            "Key": "Stack",
            "Value": "mobile-notifications-workers",
          },
          {
            "Key": "Stage",
            "Value": "PROD",
          },
        ],
        "Timeout": 90,
      },
      "Type": "AWS::Lambda::Function",
    },
    "iosSenderQueueSSMParameter921EF0C9": {
      "Properties": {
        "DataType": "text",
        "Name": "/notifications/PROD/workers/harvester/iosLiveSqsCdkUrl",
        "Tags": {
          "App": "ios",
          "Stack": "mobile-notifications-workers",
          "Stage": "PROD",
          "gu:cdk:version": "TEST",
          "gu:repo": "guardian/mobile-n10n",
        },
        "Tier": "Standard",
        "Type": "String",
        "Value": {
          "Ref": "iosSenderSqsA94CB0A0",
        },
      },
      "Type": "AWS::SSM::Parameter",
    },
    "iosSenderSqsA94CB0A0": {
      "DeletionPolicy": "Delete",
      "Properties": {
        "MessageRetentionPeriod": 3600,
        "RedrivePolicy": {
          "deadLetterTargetArn": {
            "Fn::GetAtt": [
              "iosSenderDlqE2E2925D",
              "Arn",
            ],
          },
          "maxReceiveCount": 5,
        },
        "Tags": [
          {
            "Key": "App",
            "Value": "ios",
          },
          {
            "Key": "gu:cdk:version",
            "Value": "TEST",
          },
          {
            "Key": "gu:repo",
            "Value": "guardian/mobile-n10n",
          },
          {
            "Key": "Stack",
            "Value": "mobile-notifications-workers",
          },
          {
            "Key": "Stage",
            "Value": "PROD",
          },
        ],
        "VisibilityTimeout": 100,
      },
      "Type": "AWS::SQS::Queue",
      "UpdateReplacePolicy": "Delete",
    },
    "iosSenderSqsEventSourceMapping2E507F40": {
      "DependsOn": [
        "iosSenderLambdaCtr6053C1F8",
        "iosSenderSqsA94CB0A0",
      ],
      "Properties": {
        "BatchSize": 1,
        "Enabled": true,
        "EventSourceArn": {
          "Fn::GetAtt": [
            "iosSenderSqsA94CB0A0",
            "Arn",
          ],
        },
        "FunctionName": {
          "Ref": "iosSenderLambdaCtr6053C1F8",
        },
        "MaximumBatchingWindowInSeconds": 0,
        "Tags": [
          {
            "Key": "App",
            "Value": "ios",
          },
          {
            "Key": "gu:cdk:version",
            "Value": "TEST",
          },
          {
            "Key": "gu:repo",
            "Value": "guardian/mobile-n10n",
          },
          {
            "Key": "Stack",
            "Value": "mobile-notifications-workers",
          },
          {
            "Key": "Stage",
            "Value": "PROD",
          },
        ],
      },
      "Type": "AWS::Lambda::EventSourceMapping",
    },
    "iosSenderThrottleAlarmFCACC1F8": {
      "Properties": {
        "AlarmActions": [
          {
            "Ref": "AlarmTopicArn",
          },
        ],
        "AlarmDescription": "Triggers if the ios sender lambda is throttled in PROD.",
        "ComparisonOperator": "GreaterThanThreshold",
        "Dimensions": [
          {
            "Name": "FunctionName",
            "Value": {
              "Ref": "iosSenderLambdaCtr6053C1F8",
            },
          },
        ],
        "EvaluationPeriods": 1,
        "MetricName": "Throttles",
        "Namespace": "AWS/Lambda",
        "OKActions": [
          {
            "Ref": "AlarmTopicArn",
          },
        ],
        "Period": 360,
        "Statistic": "Sum",
        "Tags": [
          {
            "Key": "App",
            "Value": "ios",
          },
          {
            "Key": "gu:cdk:version",
            "Value": "TEST",
          },
          {
            "Key": "gu:repo",
            "Value": "guardian/mobile-n10n",
          },
          {
            "Key": "Stack",
            "Value": "mobile-notifications-workers",
          },
          {
            "Key": "Stage",
            "Value": "PROD",
          },
        ],
        "Threshold": 0,
        "TreatMissingData": "notBreaching",
      },
      "Type": "AWS::CloudWatch::Alarm",
    },
    "iosSenderTooFewBreakingNewsAlarm870D69CB": {
      "Properties": {
        "ActionsEnabled": true,
        "AlarmActions": [
          {
            "Ref": "AlarmTopicArn",
          },
        ],
        "AlarmDescription": "Triggers if the ios sender lambda is not frequently invoked for breaking news notification in PROD.",
        "ComparisonOperator": "LessThanOrEqualToThreshold",
        "Dimensions": [
          {
            "Name": "platform",
            "Value": "ios",
          },
          {
            "Name": "type",
            "Value": "breakingNews",
          },
        ],
        "EvaluationPeriods": 48,
        "MetricName": "worker.notificationProcessingTime",
        "Namespace": "Notifications/PROD/workers",
        "OKActions": [
          {
            "Ref": "AlarmTopicArn",
          },
        ],
        "Period": 900,
        "Statistic": "SampleCount",
        "Tags": [
          {
            "Key": "App",
            "Value": "ios",
          },
          {
            "Key": "gu:cdk:version",
            "Value": "TEST",
          },
          {
            "Key": "gu:repo",
            "Value": "guardian/mobile-n10n",
          },
          {
            "Key": "Stack",
            "Value": "mobile-notifications-workers",
          },
          {
            "Key": "Stage",
            "Value": "PROD",
          },
        ],
        "Threshold": 0,
        "TreatMissingData": "breaching",
      },
      "Type": "AWS::CloudWatch::Alarm",
    },
    "iosSenderTooFewInvocationsAlarm14117FE9": {
      "Properties": {
        "ActionsEnabled": true,
        "AlarmActions": [
          {
            "Ref": "AlarmTopicArn",
          },
        ],
        "AlarmDescription": "Triggers if the ios sender lambda is not frequently invoked in PROD.",
        "ComparisonOperator": "LessThanOrEqualToThreshold",
        "Dimensions": [
          {
            "Name": "FunctionName",
            "Value": {
              "Ref": "iosSenderLambdaCtr6053C1F8",
            },
          },
        ],
        "EvaluationPeriods": 1,
        "MetricName": "Invocations",
        "Namespace": "AWS/Lambda",
        "OKActions": [
          {
            "Ref": "AlarmTopicArn",
          },
        ],
        "Period": 3600,
        "Statistic": "Sum",
        "Tags": [
          {
            "Key": "App",
            "Value": "ios",
          },
          {
            "Key": "gu:cdk:version",
            "Value": "TEST",
          },
          {
            "Key": "gu:repo",
            "Value": "guardian/mobile-n10n",
          },
          {
            "Key": "Stack",
            "Value": "mobile-notifications-workers",
          },
          {
            "Key": "Stage",
            "Value": "PROD",
          },
        ],
        "Threshold": 0,
        "TreatMissingData": "breaching",
      },
      "Type": "AWS::CloudWatch::Alarm",
    },
    "iosSenderTooFewNonBreakingAlarmC2075137": {
      "Properties": {
        "ActionsEnabled": true,
        "AlarmActions": [
          {
            "Ref": "AlarmTopicArn",
          },
        ],
        "AlarmDescription": "Triggers if the ios sender lambda is not frequently invoked for non-breaking news notification in PROD.",
        "ComparisonOperator": "LessThanOrEqualToThreshold",
        "Dimensions": [
          {
            "Name": "platform",
            "Value": "ios",
          },
          {
            "Name": "type",
            "Value": "other",
          },
        ],
        "EvaluationPeriods": 8,
        "MetricName": "worker.notificationProcessingTime",
        "Namespace": "Notifications/PROD/workers",
        "OKActions": [
          {
            "Ref": "AlarmTopicArn",
          },
        ],
        "Period": 900,
        "Statistic": "SampleCount",
        "Tags": [
          {
            "Key": "App",
            "Value": "ios",
          },
          {
            "Key": "gu:cdk:version",
            "Value": "TEST",
          },
          {
            "Key": "gu:repo",
            "Value": "guardian/mobile-n10n",
          },
          {
            "Key": "Stack",
            "Value": "mobile-notifications-workers",
          },
          {
            "Key": "Stage",
            "Value": "PROD",
          },
        ],
        "Threshold": 0,
        "TreatMissingData": "breaching",
      },
      "Type": "AWS::CloudWatch::Alarm",
    },
    "ioseditionExecutionRole61247F06": {
      "Properties": {
        "AssumeRolePolicyDocument": {
          "Statement": [
            {
              "Action": "sts:AssumeRole",
              "Effect": "Allow",
              "Principal": {
                "Service": "lambda.amazonaws.com",
              },
            },
          ],
          "Version": "2012-10-17",
        },
        "Path": "/",
        "Policies": [
          {
            "PolicyDocument": {
              "Statement": [
                {
                  "Action": "logs:CreateLogGroup",
                  "Effect": "Allow",
                  "Resource": {
                    "Fn::Join": [
                      "",
                      [
                        "arn:aws:logs:eu-west-1:",
                        {
                          "Ref": "AWS::AccountId",
                        },
                        ":*",
                      ],
                    ],
                  },
                },
                {
                  "Action": [
                    "logs:CreateLogStream",
                    "logs:PutLogEvents",
                  ],
                  "Effect": "Allow",
                  "Resource": {
                    "Fn::Join": [
                      "",
                      [
                        "arn:aws:logs:eu-west-1:",
                        {
                          "Ref": "AWS::AccountId",
                        },
                        ":log-group:/aws/lambda/*:*",
                      ],
                    ],
                  },
                },
              ],
              "Version": "2012-10-17",
            },
            "PolicyName": "logs",
          },
          {
            "PolicyDocument": {
              "Statement": [
                {
                  "Action": "sqs:*",
                  "Effect": "Allow",
                  "Resource": {
                    "Fn::GetAtt": [
                      "ioseditionSenderSqsFDE339AC",
                      "Arn",
                    ],
                  },
                },
              ],
              "Version": "2012-10-17",
            },
            "PolicyName": "SQSOutput",
          },
          {
            "PolicyDocument": {
              "Statement": [
                {
                  "Action": "sqs:SendMessage",
                  "Effect": "Allow",
                  "Resource": {
                    "Ref": "CleanerQueueArnParam",
                  },
                },
              ],
              "Version": "2012-10-17",
            },
            "PolicyName": "SQSInput",
          },
          {
            "PolicyDocument": {
              "Statement": [
                {
                  "Action": "ssm:GetParametersByPath",
                  "Effect": "Allow",
                  "Resource": {
                    "Fn::Join": [
                      "",
                      [
                        "arn:aws:ssm:",
                        {
                          "Ref": "AWS::Region",
                        },
                        ":",
                        {
                          "Ref": "AWS::AccountId",
                        },
                        ":parameter/notifications/PROD/workers/ios-edition",
                      ],
                    ],
                  },
                },
              ],
              "Version": "2012-10-17",
            },
            "PolicyName": "Conf",
          },
          {
            "PolicyDocument": {
              "Statement": [
                {
                  "Action": "cloudwatch:PutMetricData",
                  "Effect": "Allow",
                  "Resource": "*",
                },
              ],
              "Version": "2012-10-17",
            },
            "PolicyName": "Cloudwatch",
          },
        ],
        "Tags": [
          {
            "Key": "App",
            "Value": "ios-edition",
          },
          {
            "Key": "gu:cdk:version",
            "Value": "TEST",
          },
          {
            "Key": "gu:repo",
            "Value": "guardian/mobile-n10n",
          },
          {
            "Key": "Stack",
            "Value": "mobile-notifications-workers",
          },
          {
            "Key": "Stage",
            "Value": "PROD",
          },
        ],
      },
      "Type": "AWS::IAM::Role",
    },
    "ioseditionSenderDlq85139531": {
      "DeletionPolicy": "Delete",
      "Properties": {
        "Tags": [
          {
            "Key": "App",
            "Value": "ios-edition",
          },
          {
            "Key": "gu:cdk:version",
            "Value": "TEST",
          },
          {
            "Key": "gu:repo",
            "Value": "guardian/mobile-n10n",
          },
          {
            "Key": "Stack",
            "Value": "mobile-notifications-workers",
          },
          {
            "Key": "Stage",
            "Value": "PROD",
          },
        ],
      },
      "Type": "AWS::SQS::Queue",
      "UpdateReplacePolicy": "Delete",
    },
    "ioseditionSenderErrorAlarm4CA6BA17": {
      "Properties": {
        "AlarmActions": [
          {
            "Ref": "AlarmTopicArn",
          },
        ],
        "AlarmDescription": "Triggers if the ios-edition sender lambda errors in PROD.",
        "ComparisonOperator": "GreaterThanThreshold",
        "Dimensions": [
          {
            "Name": "FunctionName",
            "Value": {
              "Ref": "ioseditionSenderLambdaCtr2410D4D7",
            },
          },
        ],
        "EvaluationPeriods": 1,
        "MetricName": "Errors",
        "Namespace": "AWS/Lambda",
        "OKActions": [
          {
            "Ref": "AlarmTopicArn",
          },
        ],
        "Period": 360,
        "Statistic": "Sum",
        "Tags": [
          {
            "Key": "App",
            "Value": "ios-edition",
          },
          {
            "Key": "gu:cdk:version",
            "Value": "TEST",
          },
          {
            "Key": "gu:repo",
            "Value": "guardian/mobile-n10n",
          },
          {
            "Key": "Stack",
            "Value": "mobile-notifications-workers",
          },
          {
            "Key": "Stage",
            "Value": "PROD",
          },
        ],
        "Threshold": 0,
        "TreatMissingData": "notBreaching",
      },
      "Type": "AWS::CloudWatch::Alarm",
    },
    "ioseditionSenderLambdaCtr2410D4D7": {
      "DependsOn": [
        "ioseditionExecutionRole61247F06",
      ],
      "Properties": {
        "Code": {
          "ImageUri": {
            "Fn::Join": [
              "",
              [
                {
                  "Fn::Select": [
                    4,
                    {
                      "Fn::Split": [
                        ":",
                        {
                          "Fn::ImportValue": "NotificationLambdaRepositoryArn",
                        },
                      ],
                    },
                  ],
                },
                ".dkr.ecr.",
                {
                  "Fn::Select": [
                    3,
                    {
                      "Fn::Split": [
                        ":",
                        {
                          "Fn::ImportValue": "NotificationLambdaRepositoryArn",
                        },
                      ],
                    },
                  ],
                },
                ".",
                {
                  "Ref": "AWS::URLSuffix",
                },
                "/",
                {
                  "Fn::ImportValue": "NotificationLambdaRepositoryName",
                },
                ":",
                {
                  "Ref": "BuildId",
                },
              ],
            ],
          },
        },
        "Description": "sends notifications for ios-edition",
        "Environment": {
          "Variables": {
            "App": "ios-edition",
            "Platform": "ios-edition",
            "Stack": "mobile-notifications-workers",
            "Stage": "PROD",
          },
        },
        "FunctionName": "mobile-notifications-workers-ios-edition-sender-ctr-PROD",
        "ImageConfig": {
          "Command": [
            "com.gu.notifications.worker.IOSSender::handleChunkTokens",
          ],
        },
        "MemorySize": 10240,
        "PackageType": "Image",
        "ReservedConcurrentExecutions": {
          "Ref": "ReservedConcurrency",
        },
        "Role": {
          "Fn::GetAtt": [
            "ioseditionExecutionRole61247F06",
            "Arn",
          ],
        },
        "Tags": [
          {
            "Key": "App",
            "Value": "ios-edition",
          },
          {
            "Key": "gu:cdk:version",
            "Value": "TEST",
          },
          {
            "Key": "gu:repo",
            "Value": "guardian/mobile-n10n",
          },
          {
            "Key": "Stack",
            "Value": "mobile-notifications-workers",
          },
          {
            "Key": "Stage",
            "Value": "PROD",
          },
        ],
        "Timeout": 90,
      },
      "Type": "AWS::Lambda::Function",
    },
    "ioseditionSenderQueueSSMParameter4EAB5876": {
      "Properties": {
        "DataType": "text",
        "Name": "/notifications/PROD/workers/harvester/iosEditionSqsCdkUrl",
        "Tags": {
          "App": "ios-edition",
          "Stack": "mobile-notifications-workers",
          "Stage": "PROD",
          "gu:cdk:version": "TEST",
          "gu:repo": "guardian/mobile-n10n",
        },
        "Tier": "Standard",
        "Type": "String",
        "Value": {
          "Ref": "ioseditionSenderSqsFDE339AC",
        },
      },
      "Type": "AWS::SSM::Parameter",
    },
    "ioseditionSenderSqsEventSourceMapping9B8EF143": {
      "DependsOn": [
        "ioseditionSenderLambdaCtr2410D4D7",
        "ioseditionSenderSqsFDE339AC",
      ],
      "Properties": {
        "BatchSize": 1,
        "Enabled": true,
        "EventSourceArn": {
          "Fn::GetAtt": [
            "ioseditionSenderSqsFDE339AC",
            "Arn",
          ],
        },
        "FunctionName": {
          "Ref": "ioseditionSenderLambdaCtr2410D4D7",
        },
        "MaximumBatchingWindowInSeconds": 0,
        "Tags": [
          {
            "Key": "App",
            "Value": "ios-edition",
          },
          {
            "Key": "gu:cdk:version",
            "Value": "TEST",
          },
          {
            "Key": "gu:repo",
            "Value": "guardian/mobile-n10n",
          },
          {
            "Key": "Stack",
            "Value": "mobile-notifications-workers",
          },
          {
            "Key": "Stage",
            "Value": "PROD",
          },
        ],
      },
      "Type": "AWS::Lambda::EventSourceMapping",
    },
    "ioseditionSenderSqsFDE339AC": {
      "DeletionPolicy": "Delete",
      "Properties": {
        "MessageRetentionPeriod": 3600,
        "RedrivePolicy": {
          "deadLetterTargetArn": {
            "Fn::GetAtt": [
              "ioseditionSenderDlq85139531",
              "Arn",
            ],
          },
          "maxReceiveCount": 5,
        },
        "Tags": [
          {
            "Key": "App",
            "Value": "ios-edition",
          },
          {
            "Key": "gu:cdk:version",
            "Value": "TEST",
          },
          {
            "Key": "gu:repo",
            "Value": "guardian/mobile-n10n",
          },
          {
            "Key": "Stack",
            "Value": "mobile-notifications-workers",
          },
          {
            "Key": "Stage",
            "Value": "PROD",
          },
        ],
        "VisibilityTimeout": 100,
      },
      "Type": "AWS::SQS::Queue",
      "UpdateReplacePolicy": "Delete",
    },
    "ioseditionSenderThrottleAlarm3B81024B": {
      "Properties": {
        "AlarmActions": [
          {
            "Ref": "AlarmTopicArn",
          },
        ],
        "AlarmDescription": "Triggers if the ios-edition sender lambda is throttled in PROD.",
        "ComparisonOperator": "GreaterThanThreshold",
        "Dimensions": [
          {
            "Name": "FunctionName",
            "Value": {
              "Ref": "ioseditionSenderLambdaCtr2410D4D7",
            },
          },
        ],
        "EvaluationPeriods": 1,
        "MetricName": "Throttles",
        "Namespace": "AWS/Lambda",
        "OKActions": [
          {
            "Ref": "AlarmTopicArn",
          },
        ],
        "Period": 360,
        "Statistic": "Sum",
        "Tags": [
          {
            "Key": "App",
            "Value": "ios-edition",
          },
          {
            "Key": "gu:cdk:version",
            "Value": "TEST",
          },
          {
            "Key": "gu:repo",
            "Value": "guardian/mobile-n10n",
          },
          {
            "Key": "Stack",
            "Value": "mobile-notifications-workers",
          },
          {
            "Key": "Stage",
            "Value": "PROD",
          },
        ],
        "Threshold": 0,
        "TreatMissingData": "notBreaching",
      },
      "Type": "AWS::CloudWatch::Alarm",
    },
    "ioseditionSenderTooFewInvocationsAlarmD32BB28C": {
      "Properties": {
        "ActionsEnabled": true,
        "AlarmActions": [
          {
            "Ref": "AlarmTopicArn",
          },
        ],
        "AlarmDescription": "Triggers if the ios-edition sender lambda is not frequently invoked in PROD.",
        "ComparisonOperator": "LessThanOrEqualToThreshold",
        "Dimensions": [
          {
            "Name": "FunctionName",
            "Value": {
              "Ref": "ioseditionSenderLambdaCtr2410D4D7",
            },
          },
        ],
        "EvaluationPeriods": 1,
        "MetricName": "Invocations",
        "Namespace": "AWS/Lambda",
        "OKActions": [
          {
            "Ref": "AlarmTopicArn",
          },
        ],
        "Period": 86400,
        "Statistic": "Sum",
        "Tags": [
          {
            "Key": "App",
            "Value": "ios-edition",
          },
          {
            "Key": "gu:cdk:version",
            "Value": "TEST",
          },
          {
            "Key": "gu:repo",
            "Value": "guardian/mobile-n10n",
          },
          {
            "Key": "Stack",
            "Value": "mobile-notifications-workers",
          },
          {
            "Key": "Stage",
            "Value": "PROD",
          },
        ],
        "Threshold": 0,
        "TreatMissingData": "breaching",
      },
      "Type": "AWS::CloudWatch::Alarm",
    },
  },
}
`;
