// Jest Snapshot v1, https://goo.gl/fbAQLP

exports[`The MobileAppsRendering stack matches the snapshot 1`] = `
Object {
  "Metadata": Object {
    "gu:cdk:constructs": Array [
      "GuDistributionBucketParameter",
      "GuLambdaFunction",
      "GuLambdaFunction",
      "GuLambdaFunction",
      "GuLambdaFunction",
      "GuLambdaFunction",
    ],
    "gu:cdk:version": "48.5.0",
  },
  "Outputs": Object {
    "NotificationSenderWorkerQueueArns": Object {
      "Export": Object {
        "Name": "NotificationSenderWorkerQueueArns-PROD",
      },
      "Value": Object {
        "Fn::Join": Array [
          ",",
          Array [
            Object {
              "Fn::GetAtt": Array [
                "iosSenderSqsA94CB0A0",
                "Arn",
              ],
            },
            Object {
              "Fn::GetAtt": Array [
                "androidSenderSqsCF269D3F",
                "Arn",
              ],
            },
            Object {
              "Fn::GetAtt": Array [
                "ioseditionSenderSqsFDE339AC",
                "Arn",
              ],
            },
            Object {
              "Fn::GetAtt": Array [
                "androideditionSenderSqs400C0F3A",
                "Arn",
              ],
            },
            Object {
              "Fn::GetAtt": Array [
                "androidbetaSenderSqs57513D18",
                "Arn",
              ],
            },
          ],
        ],
      },
    },
  },
  "Parameters": Object {
    "AlarmTopicArn": Object {
      "Description": "The ARN of the SNS topic to send all the cloudwatch alarms to",
      "Type": "String",
    },
    "BuildId": Object {
      "Description": "build id from teamcity, the image should be tagged with this",
      "Type": "String",
    },
    "CleanerQueueArnParam": Object {
      "Description": "The ARN of the cleaner SQS queue",
      "Type": "String",
    },
    "DistributionBucketName": Object {
      "Default": "/account/services/artifact.bucket",
      "Description": "SSM parameter containing the S3 bucket name holding distribution artifacts",
      "Type": "AWS::SSM::Parameter::Value<String>",
    },
    "ReservedConcurrency": Object {
      "Description": "How many concurrent execution to provision the lamdba with",
      "Type": "Number",
    },
    "SenderTooFewInvocationsAlarmPeriodParam": Object {
      "Description": "How long until no execution is suspicious, in seconds",
      "Type": "Number",
    },
  },
  "Resources": Object {
    "SenderLambdaJarandroid677FF98F": Object {
      "DependsOn": Array [
        "androidExecutionRoleDefaultPolicy4839D0CD",
        "androidExecutionRole81D14062",
      ],
      "Properties": Object {
        "Code": Object {
          "S3Bucket": Object {
            "Ref": "DistributionBucketName",
          },
          "S3Key": "mobile-notifications-workers/PROD/n10n-workers/notificationworkerlambda.jar",
        },
        "Description": "sends notifications for android",
        "Environment": Object {
          "Variables": Object {
            "APP": "n10n-workers",
            "App": "android",
            "Platform": "android",
            "STACK": "mobile-notifications-workers",
            "STAGE": "PROD",
            "Stack": "mobile-notifications-workers",
            "Stage": "PROD",
          },
        },
        "FunctionName": "mobile-notifications-workers-android-sender-jar-PROD",
        "Handler": "com.gu.notifications.worker.AndroidSender::handleChunkTokens",
        "MemorySize": 10240,
        "ReservedConcurrentExecutions": Object {
          "Ref": "ReservedConcurrency",
        },
        "Role": Object {
          "Fn::GetAtt": Array [
            "androidExecutionRole81D14062",
            "Arn",
          ],
        },
        "Runtime": "java11",
        "Tags": Array [
          Object {
            "Key": "App",
            "Value": "n10n-workers",
          },
          Object {
            "Key": "gu:cdk:version",
            "Value": "48.5.0",
          },
          Object {
            "Key": "gu:repo",
            "Value": "guardian/mobile-n10n",
          },
          Object {
            "Key": "Stack",
            "Value": "mobile-notifications-workers",
          },
          Object {
            "Key": "Stage",
            "Value": "PROD",
          },
        ],
        "Timeout": 180,
      },
      "Type": "AWS::Lambda::Function",
    },
    "SenderLambdaJarandroidbeta94DB936B": Object {
      "DependsOn": Array [
        "androidbetaExecutionRoleDefaultPolicy9F8E3BEA",
        "androidbetaExecutionRoleFA113395",
      ],
      "Properties": Object {
        "Code": Object {
          "S3Bucket": Object {
            "Ref": "DistributionBucketName",
          },
          "S3Key": "mobile-notifications-workers/PROD/n10n-workers/notificationworkerlambda.jar",
        },
        "Description": "sends notifications for android-beta",
        "Environment": Object {
          "Variables": Object {
            "APP": "n10n-workers",
            "App": "android-beta",
            "Platform": "android-beta",
            "STACK": "mobile-notifications-workers",
            "STAGE": "PROD",
            "Stack": "mobile-notifications-workers",
            "Stage": "PROD",
          },
        },
        "FunctionName": "mobile-notifications-workers-android-beta-sender-jar-PROD",
        "Handler": "com.gu.notifications.worker.AndroidSender::handleChunkTokens",
        "MemorySize": 10240,
        "ReservedConcurrentExecutions": Object {
          "Ref": "ReservedConcurrency",
        },
        "Role": Object {
          "Fn::GetAtt": Array [
            "androidbetaExecutionRoleFA113395",
            "Arn",
          ],
        },
        "Runtime": "java11",
        "Tags": Array [
          Object {
            "Key": "App",
            "Value": "n10n-workers",
          },
          Object {
            "Key": "gu:cdk:version",
            "Value": "48.5.0",
          },
          Object {
            "Key": "gu:repo",
            "Value": "guardian/mobile-n10n",
          },
          Object {
            "Key": "Stack",
            "Value": "mobile-notifications-workers",
          },
          Object {
            "Key": "Stage",
            "Value": "PROD",
          },
        ],
        "Timeout": 90,
      },
      "Type": "AWS::Lambda::Function",
    },
    "SenderLambdaJarandroidedition5E56318E": Object {
      "DependsOn": Array [
        "androideditionExecutionRoleDefaultPolicyBDC1328A",
        "androideditionExecutionRoleDEF8ADAE",
      ],
      "Properties": Object {
        "Code": Object {
          "S3Bucket": Object {
            "Ref": "DistributionBucketName",
          },
          "S3Key": "mobile-notifications-workers/PROD/n10n-workers/notificationworkerlambda.jar",
        },
        "Description": "sends notifications for android-edition",
        "Environment": Object {
          "Variables": Object {
            "APP": "n10n-workers",
            "App": "android-edition",
            "Platform": "android-edition",
            "STACK": "mobile-notifications-workers",
            "STAGE": "PROD",
            "Stack": "mobile-notifications-workers",
            "Stage": "PROD",
          },
        },
        "FunctionName": "mobile-notifications-workers-android-edition-sender-jar-PROD",
        "Handler": "com.gu.notifications.worker.AndroidSender::handleChunkTokens",
        "MemorySize": 10240,
        "ReservedConcurrentExecutions": Object {
          "Ref": "ReservedConcurrency",
        },
        "Role": Object {
          "Fn::GetAtt": Array [
            "androideditionExecutionRoleDEF8ADAE",
            "Arn",
          ],
        },
        "Runtime": "java11",
        "Tags": Array [
          Object {
            "Key": "App",
            "Value": "n10n-workers",
          },
          Object {
            "Key": "gu:cdk:version",
            "Value": "48.5.0",
          },
          Object {
            "Key": "gu:repo",
            "Value": "guardian/mobile-n10n",
          },
          Object {
            "Key": "Stack",
            "Value": "mobile-notifications-workers",
          },
          Object {
            "Key": "Stage",
            "Value": "PROD",
          },
        ],
        "Timeout": 90,
      },
      "Type": "AWS::Lambda::Function",
    },
    "SenderLambdaJarios873F4401": Object {
      "DependsOn": Array [
        "iosExecutionRoleDefaultPolicyFB4A61D5",
        "iosExecutionRoleEE25DF12",
      ],
      "Properties": Object {
        "Code": Object {
          "S3Bucket": Object {
            "Ref": "DistributionBucketName",
          },
          "S3Key": "mobile-notifications-workers/PROD/n10n-workers/notificationworkerlambda.jar",
        },
        "Description": "sends notifications for ios",
        "Environment": Object {
          "Variables": Object {
            "APP": "n10n-workers",
            "App": "ios",
            "Platform": "ios",
            "STACK": "mobile-notifications-workers",
            "STAGE": "PROD",
            "Stack": "mobile-notifications-workers",
            "Stage": "PROD",
          },
        },
        "FunctionName": "mobile-notifications-workers-ios-sender-jar-PROD",
        "Handler": "com.gu.notifications.worker.IOSSender::handleChunkTokens",
        "MemorySize": 10240,
        "ReservedConcurrentExecutions": Object {
          "Ref": "ReservedConcurrency",
        },
        "Role": Object {
          "Fn::GetAtt": Array [
            "iosExecutionRoleEE25DF12",
            "Arn",
          ],
        },
        "Runtime": "java11",
        "Tags": Array [
          Object {
            "Key": "App",
            "Value": "n10n-workers",
          },
          Object {
            "Key": "gu:cdk:version",
            "Value": "48.5.0",
          },
          Object {
            "Key": "gu:repo",
            "Value": "guardian/mobile-n10n",
          },
          Object {
            "Key": "Stack",
            "Value": "mobile-notifications-workers",
          },
          Object {
            "Key": "Stage",
            "Value": "PROD",
          },
        ],
        "Timeout": 90,
      },
      "Type": "AWS::Lambda::Function",
    },
    "SenderLambdaJariosedition077A38E4": Object {
      "DependsOn": Array [
        "ioseditionExecutionRoleDefaultPolicy016CA14F",
        "ioseditionExecutionRole61247F06",
      ],
      "Properties": Object {
        "Code": Object {
          "S3Bucket": Object {
            "Ref": "DistributionBucketName",
          },
          "S3Key": "mobile-notifications-workers/PROD/n10n-workers/notificationworkerlambda.jar",
        },
        "Description": "sends notifications for ios-edition",
        "Environment": Object {
          "Variables": Object {
            "APP": "n10n-workers",
            "App": "ios-edition",
            "Platform": "ios-edition",
            "STACK": "mobile-notifications-workers",
            "STAGE": "PROD",
            "Stack": "mobile-notifications-workers",
            "Stage": "PROD",
          },
        },
        "FunctionName": "mobile-notifications-workers-ios-edition-sender-jar-PROD",
        "Handler": "com.gu.notifications.worker.IOSSender::handleChunkTokens",
        "MemorySize": 10240,
        "ReservedConcurrentExecutions": Object {
          "Ref": "ReservedConcurrency",
        },
        "Role": Object {
          "Fn::GetAtt": Array [
            "ioseditionExecutionRole61247F06",
            "Arn",
          ],
        },
        "Runtime": "java11",
        "Tags": Array [
          Object {
            "Key": "App",
            "Value": "n10n-workers",
          },
          Object {
            "Key": "gu:cdk:version",
            "Value": "48.5.0",
          },
          Object {
            "Key": "gu:repo",
            "Value": "guardian/mobile-n10n",
          },
          Object {
            "Key": "Stack",
            "Value": "mobile-notifications-workers",
          },
          Object {
            "Key": "Stage",
            "Value": "PROD",
          },
        ],
        "Timeout": 90,
      },
      "Type": "AWS::Lambda::Function",
    },
    "androidExecutionRole81D14062": Object {
      "Properties": Object {
        "AssumeRolePolicyDocument": Object {
          "Statement": Array [
            Object {
              "Action": "sts:AssumeRole",
              "Effect": "Allow",
              "Principal": Object {
                "Service": "lambda.amazonaws.com",
              },
            },
          ],
          "Version": "2012-10-17",
        },
        "Path": "/",
        "Policies": Array [
          Object {
            "PolicyDocument": Object {
              "Statement": Array [
                Object {
                  "Action": "logs:CreateLogGroup",
                  "Effect": "Allow",
                  "Resource": Object {
                    "Fn::Join": Array [
                      "",
                      Array [
                        "arn:aws:logs:eu-west-1:",
                        Object {
                          "Ref": "AWS::AccountId",
                        },
                        ":*",
                      ],
                    ],
                  },
                },
                Object {
                  "Action": Array [
                    "logs:CreateLogStream",
                    "logs:PutLogEvents",
                  ],
                  "Effect": "Allow",
                  "Resource": Object {
                    "Fn::Join": Array [
                      "",
                      Array [
                        "arn:aws:logs:eu-west-1:",
                        Object {
                          "Ref": "AWS::AccountId",
                        },
                        ":log-group:/aws/lambda/*:*",
                      ],
                    ],
                  },
                },
              ],
              "Version": "2012-10-17",
            },
            "PolicyName": "logs",
          },
          Object {
            "PolicyDocument": Object {
              "Statement": Array [
                Object {
                  "Action": "sqs:*",
                  "Effect": "Allow",
                  "Resource": Object {
                    "Fn::GetAtt": Array [
                      "androidSenderSqsCF269D3F",
                      "Arn",
                    ],
                  },
                },
              ],
              "Version": "2012-10-17",
            },
            "PolicyName": "SQSOutput",
          },
          Object {
            "PolicyDocument": Object {
              "Statement": Array [
                Object {
                  "Action": "sqs:SendMessage",
                  "Effect": "Allow",
                  "Resource": Object {
                    "Ref": "CleanerQueueArnParam",
                  },
                },
              ],
              "Version": "2012-10-17",
            },
            "PolicyName": "SQSInput",
          },
          Object {
            "PolicyDocument": Object {
              "Statement": Array [
                Object {
                  "Action": "ssm:GetParametersByPath",
                  "Effect": "Allow",
                  "Resource": Object {
                    "Fn::Join": Array [
                      "",
                      Array [
                        "arn:aws:ssm:",
                        Object {
                          "Ref": "AWS::Region",
                        },
                        ":",
                        Object {
                          "Ref": "AWS::AccountId",
                        },
                        ":parameter/notifications/PROD/workers/android",
                      ],
                    ],
                  },
                },
              ],
              "Version": "2012-10-17",
            },
            "PolicyName": "Conf",
          },
          Object {
            "PolicyDocument": Object {
              "Statement": Array [
                Object {
                  "Action": "cloudwatch:PutMetricData",
                  "Effect": "Allow",
                  "Resource": "*",
                },
              ],
              "Version": "2012-10-17",
            },
            "PolicyName": "Cloudwatch",
          },
        ],
        "Tags": Array [
          Object {
            "Key": "App",
            "Value": "android",
          },
          Object {
            "Key": "gu:cdk:version",
            "Value": "48.5.0",
          },
          Object {
            "Key": "gu:repo",
            "Value": "guardian/mobile-n10n",
          },
          Object {
            "Key": "Stack",
            "Value": "mobile-notifications-workers",
          },
          Object {
            "Key": "Stage",
            "Value": "PROD",
          },
        ],
      },
      "Type": "AWS::IAM::Role",
    },
    "androidExecutionRoleDefaultPolicy4839D0CD": Object {
      "Properties": Object {
        "PolicyDocument": Object {
          "Statement": Array [
            Object {
              "Action": Array [
                "s3:GetObject*",
                "s3:GetBucket*",
                "s3:List*",
              ],
              "Effect": "Allow",
              "Resource": Array [
                Object {
                  "Fn::Join": Array [
                    "",
                    Array [
                      "arn:",
                      Object {
                        "Ref": "AWS::Partition",
                      },
                      ":s3:::",
                      Object {
                        "Ref": "DistributionBucketName",
                      },
                    ],
                  ],
                },
                Object {
                  "Fn::Join": Array [
                    "",
                    Array [
                      "arn:",
                      Object {
                        "Ref": "AWS::Partition",
                      },
                      ":s3:::",
                      Object {
                        "Ref": "DistributionBucketName",
                      },
                      "/mobile-notifications-workers/PROD/n10n-workers/notificationworkerlambda.jar",
                    ],
                  ],
                },
              ],
            },
            Object {
              "Action": "ssm:GetParametersByPath",
              "Effect": "Allow",
              "Resource": Object {
                "Fn::Join": Array [
                  "",
                  Array [
                    "arn:aws:ssm:",
                    Object {
                      "Ref": "AWS::Region",
                    },
                    ":",
                    Object {
                      "Ref": "AWS::AccountId",
                    },
                    ":parameter/PROD/mobile-notifications-workers/n10n-workers",
                  ],
                ],
              },
            },
            Object {
              "Action": Array [
                "ssm:GetParameters",
                "ssm:GetParameter",
              ],
              "Effect": "Allow",
              "Resource": Object {
                "Fn::Join": Array [
                  "",
                  Array [
                    "arn:aws:ssm:",
                    Object {
                      "Ref": "AWS::Region",
                    },
                    ":",
                    Object {
                      "Ref": "AWS::AccountId",
                    },
                    ":parameter/PROD/mobile-notifications-workers/n10n-workers/*",
                  ],
                ],
              },
            },
          ],
          "Version": "2012-10-17",
        },
        "PolicyName": "androidExecutionRoleDefaultPolicy4839D0CD",
        "Roles": Array [
          Object {
            "Ref": "androidExecutionRole81D14062",
          },
        ],
      },
      "Type": "AWS::IAM::Policy",
    },
    "androidSenderDlqB74778CC": Object {
      "DeletionPolicy": "Delete",
      "Properties": Object {
        "Tags": Array [
          Object {
            "Key": "App",
            "Value": "android",
          },
          Object {
            "Key": "gu:cdk:version",
            "Value": "48.5.0",
          },
          Object {
            "Key": "gu:repo",
            "Value": "guardian/mobile-n10n",
          },
          Object {
            "Key": "Stack",
            "Value": "mobile-notifications-workers",
          },
          Object {
            "Key": "Stage",
            "Value": "PROD",
          },
        ],
      },
      "Type": "AWS::SQS::Queue",
      "UpdateReplacePolicy": "Delete",
    },
    "androidSenderErrorAlarmC6FC169C": Object {
      "Properties": Object {
        "AlarmActions": Array [
          Object {
            "Ref": "AlarmTopicArn",
          },
        ],
        "AlarmDescription": "Triggers if the android sender lambda errors in PROD.",
        "ComparisonOperator": "GreaterThanThreshold",
        "Dimensions": Array [
          Object {
            "Name": "FunctionName",
            "Value": Object {
              "Ref": "androidSenderLambdaCtr85CB623B",
            },
          },
        ],
        "EvaluationPeriods": 1,
        "MetricName": "Errors",
        "Namespace": "AWS/Lambda",
        "OKActions": Array [
          Object {
            "Ref": "AlarmTopicArn",
          },
        ],
        "Period": 360,
        "Statistic": "Sum",
        "Threshold": 0,
        "TreatMissingData": "notBreaching",
      },
      "Type": "AWS::CloudWatch::Alarm",
    },
    "androidSenderLambdaCtr85CB623B": Object {
      "DependsOn": Array [
        "androidExecutionRoleDefaultPolicy4839D0CD",
        "androidExecutionRole81D14062",
      ],
      "Properties": Object {
        "Code": Object {
          "ImageUri": Object {
            "Fn::Join": Array [
              "",
              Array [
                Object {
                  "Fn::Select": Array [
                    4,
                    Object {
                      "Fn::Split": Array [
                        ":",
                        Object {
                          "Fn::ImportValue": "NotificationLambdaRepositoryArn",
                        },
                      ],
                    },
                  ],
                },
                ".dkr.ecr.",
                Object {
                  "Fn::Select": Array [
                    3,
                    Object {
                      "Fn::Split": Array [
                        ":",
                        Object {
                          "Fn::ImportValue": "NotificationLambdaRepositoryArn",
                        },
                      ],
                    },
                  ],
                },
                ".",
                Object {
                  "Ref": "AWS::URLSuffix",
                },
                "/",
                Object {
                  "Fn::ImportValue": "NotificationLambdaRepositoryName",
                },
                ":",
                Object {
                  "Ref": "BuildId",
                },
              ],
            ],
          },
        },
        "Description": "sends notifications for android",
        "Environment": Object {
          "Variables": Object {
            "App": "android",
            "Platform": "android",
            "Stack": "mobile-notifications-workers",
            "Stage": "PROD",
          },
        },
        "FunctionName": "mobile-notifications-workers-android-sender-ctr-PROD",
        "ImageConfig": Object {
          "Command": Array [
            "com.gu.notifications.worker.AndroidSender::handleChunkTokens",
          ],
        },
        "MemorySize": 10240,
        "PackageType": "Image",
        "ReservedConcurrentExecutions": Object {
          "Ref": "ReservedConcurrency",
        },
        "Role": Object {
          "Fn::GetAtt": Array [
            "androidExecutionRole81D14062",
            "Arn",
          ],
        },
        "Tags": Array [
          Object {
            "Key": "App",
            "Value": "android",
          },
          Object {
            "Key": "gu:cdk:version",
            "Value": "48.5.0",
          },
          Object {
            "Key": "gu:repo",
            "Value": "guardian/mobile-n10n",
          },
          Object {
            "Key": "Stack",
            "Value": "mobile-notifications-workers",
          },
          Object {
            "Key": "Stage",
            "Value": "PROD",
          },
        ],
        "Timeout": 180,
      },
      "Type": "AWS::Lambda::Function",
    },
    "androidSenderQueueSSMParameter88F729D1": Object {
      "Properties": Object {
        "DataType": "text",
        "Name": "/notifications/PROD/workers/harvester/androidLiveSqsCdkUrl",
        "Tags": Object {
          "App": "android",
          "Stack": "mobile-notifications-workers",
          "Stage": "PROD",
          "gu:cdk:version": "48.5.0",
          "gu:repo": "guardian/mobile-n10n",
        },
        "Tier": "Standard",
        "Type": "String",
        "Value": Object {
          "Ref": "androidSenderSqsCF269D3F",
        },
      },
      "Type": "AWS::SSM::Parameter",
    },
    "androidSenderSqsCF269D3F": Object {
      "DeletionPolicy": "Delete",
      "Properties": Object {
        "MessageRetentionPeriod": 3600,
        "RedrivePolicy": Object {
          "deadLetterTargetArn": Object {
            "Fn::GetAtt": Array [
              "androidSenderDlqB74778CC",
              "Arn",
            ],
          },
          "maxReceiveCount": 5,
        },
        "Tags": Array [
          Object {
            "Key": "App",
            "Value": "android",
          },
          Object {
            "Key": "gu:cdk:version",
            "Value": "48.5.0",
          },
          Object {
            "Key": "gu:repo",
            "Value": "guardian/mobile-n10n",
          },
          Object {
            "Key": "Stack",
            "Value": "mobile-notifications-workers",
          },
          Object {
            "Key": "Stage",
            "Value": "PROD",
          },
        ],
        "VisibilityTimeout": 190,
      },
      "Type": "AWS::SQS::Queue",
      "UpdateReplacePolicy": "Delete",
    },
    "androidSenderSqsEventSourceMapping29E8124B": Object {
      "DependsOn": Array [
        "androidSenderSqsCF269D3F",
        "SenderLambdaJarandroid677FF98F",
      ],
      "Properties": Object {
        "BatchSize": 20,
        "Enabled": true,
        "EventSourceArn": Object {
          "Fn::GetAtt": Array [
            "androidSenderSqsCF269D3F",
            "Arn",
          ],
        },
        "FunctionName": Object {
          "Ref": "SenderLambdaJarandroid677FF98F",
        },
        "MaximumBatchingWindowInSeconds": 1,
      },
      "Type": "AWS::Lambda::EventSourceMapping",
    },
    "androidSenderThrottleAlarmE6E5BEC7": Object {
      "Properties": Object {
        "AlarmActions": Array [
          Object {
            "Ref": "AlarmTopicArn",
          },
        ],
        "AlarmDescription": "Triggers if the android sender lambda is throttled in PROD.",
        "ComparisonOperator": "GreaterThanThreshold",
        "Dimensions": Array [
          Object {
            "Name": "FunctionName",
            "Value": Object {
              "Ref": "androidSenderLambdaCtr85CB623B",
            },
          },
        ],
        "EvaluationPeriods": 1,
        "MetricName": "Throttles",
        "Namespace": "AWS/Lambda",
        "OKActions": Array [
          Object {
            "Ref": "AlarmTopicArn",
          },
        ],
        "Period": 360,
        "Statistic": "Sum",
        "Threshold": 0,
        "TreatMissingData": "notBreaching",
      },
      "Type": "AWS::CloudWatch::Alarm",
    },
    "androidSenderTooFewInvocationsAlarmC306ECD5": Object {
      "Properties": Object {
        "ActionsEnabled": false,
        "AlarmActions": Array [
          Object {
            "Ref": "AlarmTopicArn",
          },
        ],
        "AlarmDescription": "Triggers if the android sender lambda is not frequently invoked in PROD.",
        "ComparisonOperator": "LessThanOrEqualToThreshold",
        "Dimensions": Array [
          Object {
            "Name": "FunctionName",
            "Value": Object {
              "Ref": "androidSenderLambdaCtr85CB623B",
            },
          },
        ],
        "EvaluationPeriods": 1,
        "MetricName": "Invocations",
        "Namespace": "AWS/Lambda",
        "OKActions": Array [
          Object {
            "Ref": "AlarmTopicArn",
          },
        ],
        "Period": 360,
        "Statistic": "Sum",
        "Threshold": 0,
        "TreatMissingData": "breaching",
      },
      "Type": "AWS::CloudWatch::Alarm",
    },
    "androidbetaExecutionRoleDefaultPolicy9F8E3BEA": Object {
      "Properties": Object {
        "PolicyDocument": Object {
          "Statement": Array [
            Object {
              "Action": Array [
                "s3:GetObject*",
                "s3:GetBucket*",
                "s3:List*",
              ],
              "Effect": "Allow",
              "Resource": Array [
                Object {
                  "Fn::Join": Array [
                    "",
                    Array [
                      "arn:",
                      Object {
                        "Ref": "AWS::Partition",
                      },
                      ":s3:::",
                      Object {
                        "Ref": "DistributionBucketName",
                      },
                    ],
                  ],
                },
                Object {
                  "Fn::Join": Array [
                    "",
                    Array [
                      "arn:",
                      Object {
                        "Ref": "AWS::Partition",
                      },
                      ":s3:::",
                      Object {
                        "Ref": "DistributionBucketName",
                      },
                      "/mobile-notifications-workers/PROD/n10n-workers/notificationworkerlambda.jar",
                    ],
                  ],
                },
              ],
            },
            Object {
              "Action": "ssm:GetParametersByPath",
              "Effect": "Allow",
              "Resource": Object {
                "Fn::Join": Array [
                  "",
                  Array [
                    "arn:aws:ssm:",
                    Object {
                      "Ref": "AWS::Region",
                    },
                    ":",
                    Object {
                      "Ref": "AWS::AccountId",
                    },
                    ":parameter/PROD/mobile-notifications-workers/n10n-workers",
                  ],
                ],
              },
            },
            Object {
              "Action": Array [
                "ssm:GetParameters",
                "ssm:GetParameter",
              ],
              "Effect": "Allow",
              "Resource": Object {
                "Fn::Join": Array [
                  "",
                  Array [
                    "arn:aws:ssm:",
                    Object {
                      "Ref": "AWS::Region",
                    },
                    ":",
                    Object {
                      "Ref": "AWS::AccountId",
                    },
                    ":parameter/PROD/mobile-notifications-workers/n10n-workers/*",
                  ],
                ],
              },
            },
          ],
          "Version": "2012-10-17",
        },
        "PolicyName": "androidbetaExecutionRoleDefaultPolicy9F8E3BEA",
        "Roles": Array [
          Object {
            "Ref": "androidbetaExecutionRoleFA113395",
          },
        ],
      },
      "Type": "AWS::IAM::Policy",
    },
    "androidbetaExecutionRoleFA113395": Object {
      "Properties": Object {
        "AssumeRolePolicyDocument": Object {
          "Statement": Array [
            Object {
              "Action": "sts:AssumeRole",
              "Effect": "Allow",
              "Principal": Object {
                "Service": "lambda.amazonaws.com",
              },
            },
          ],
          "Version": "2012-10-17",
        },
        "Path": "/",
        "Policies": Array [
          Object {
            "PolicyDocument": Object {
              "Statement": Array [
                Object {
                  "Action": "logs:CreateLogGroup",
                  "Effect": "Allow",
                  "Resource": Object {
                    "Fn::Join": Array [
                      "",
                      Array [
                        "arn:aws:logs:eu-west-1:",
                        Object {
                          "Ref": "AWS::AccountId",
                        },
                        ":*",
                      ],
                    ],
                  },
                },
                Object {
                  "Action": Array [
                    "logs:CreateLogStream",
                    "logs:PutLogEvents",
                  ],
                  "Effect": "Allow",
                  "Resource": Object {
                    "Fn::Join": Array [
                      "",
                      Array [
                        "arn:aws:logs:eu-west-1:",
                        Object {
                          "Ref": "AWS::AccountId",
                        },
                        ":log-group:/aws/lambda/*:*",
                      ],
                    ],
                  },
                },
              ],
              "Version": "2012-10-17",
            },
            "PolicyName": "logs",
          },
          Object {
            "PolicyDocument": Object {
              "Statement": Array [
                Object {
                  "Action": "sqs:*",
                  "Effect": "Allow",
                  "Resource": Object {
                    "Fn::GetAtt": Array [
                      "androidbetaSenderSqs57513D18",
                      "Arn",
                    ],
                  },
                },
              ],
              "Version": "2012-10-17",
            },
            "PolicyName": "SQSOutput",
          },
          Object {
            "PolicyDocument": Object {
              "Statement": Array [
                Object {
                  "Action": "sqs:SendMessage",
                  "Effect": "Allow",
                  "Resource": Object {
                    "Ref": "CleanerQueueArnParam",
                  },
                },
              ],
              "Version": "2012-10-17",
            },
            "PolicyName": "SQSInput",
          },
          Object {
            "PolicyDocument": Object {
              "Statement": Array [
                Object {
                  "Action": "ssm:GetParametersByPath",
                  "Effect": "Allow",
                  "Resource": Object {
                    "Fn::Join": Array [
                      "",
                      Array [
                        "arn:aws:ssm:",
                        Object {
                          "Ref": "AWS::Region",
                        },
                        ":",
                        Object {
                          "Ref": "AWS::AccountId",
                        },
                        ":parameter/notifications/PROD/workers/android-beta",
                      ],
                    ],
                  },
                },
              ],
              "Version": "2012-10-17",
            },
            "PolicyName": "Conf",
          },
          Object {
            "PolicyDocument": Object {
              "Statement": Array [
                Object {
                  "Action": "cloudwatch:PutMetricData",
                  "Effect": "Allow",
                  "Resource": "*",
                },
              ],
              "Version": "2012-10-17",
            },
            "PolicyName": "Cloudwatch",
          },
        ],
        "Tags": Array [
          Object {
            "Key": "App",
            "Value": "android-beta",
          },
          Object {
            "Key": "gu:cdk:version",
            "Value": "48.5.0",
          },
          Object {
            "Key": "gu:repo",
            "Value": "guardian/mobile-n10n",
          },
          Object {
            "Key": "Stack",
            "Value": "mobile-notifications-workers",
          },
          Object {
            "Key": "Stage",
            "Value": "PROD",
          },
        ],
      },
      "Type": "AWS::IAM::Role",
    },
    "androidbetaSenderDlqE9C306E1": Object {
      "DeletionPolicy": "Delete",
      "Properties": Object {
        "Tags": Array [
          Object {
            "Key": "App",
            "Value": "android-beta",
          },
          Object {
            "Key": "gu:cdk:version",
            "Value": "48.5.0",
          },
          Object {
            "Key": "gu:repo",
            "Value": "guardian/mobile-n10n",
          },
          Object {
            "Key": "Stack",
            "Value": "mobile-notifications-workers",
          },
          Object {
            "Key": "Stage",
            "Value": "PROD",
          },
        ],
      },
      "Type": "AWS::SQS::Queue",
      "UpdateReplacePolicy": "Delete",
    },
    "androidbetaSenderErrorAlarmE6FAB709": Object {
      "Properties": Object {
        "AlarmActions": Array [
          Object {
            "Ref": "AlarmTopicArn",
          },
        ],
        "AlarmDescription": "Triggers if the android-beta sender lambda errors in PROD.",
        "ComparisonOperator": "GreaterThanThreshold",
        "Dimensions": Array [
          Object {
            "Name": "FunctionName",
            "Value": Object {
              "Ref": "androidbetaSenderLambdaCtrB3CF7FC4",
            },
          },
        ],
        "EvaluationPeriods": 1,
        "MetricName": "Errors",
        "Namespace": "AWS/Lambda",
        "OKActions": Array [
          Object {
            "Ref": "AlarmTopicArn",
          },
        ],
        "Period": 360,
        "Statistic": "Sum",
        "Threshold": 0,
        "TreatMissingData": "notBreaching",
      },
      "Type": "AWS::CloudWatch::Alarm",
    },
    "androidbetaSenderLambdaCtrB3CF7FC4": Object {
      "DependsOn": Array [
        "androidbetaExecutionRoleDefaultPolicy9F8E3BEA",
        "androidbetaExecutionRoleFA113395",
      ],
      "Properties": Object {
        "Code": Object {
          "ImageUri": Object {
            "Fn::Join": Array [
              "",
              Array [
                Object {
                  "Fn::Select": Array [
                    4,
                    Object {
                      "Fn::Split": Array [
                        ":",
                        Object {
                          "Fn::ImportValue": "NotificationLambdaRepositoryArn",
                        },
                      ],
                    },
                  ],
                },
                ".dkr.ecr.",
                Object {
                  "Fn::Select": Array [
                    3,
                    Object {
                      "Fn::Split": Array [
                        ":",
                        Object {
                          "Fn::ImportValue": "NotificationLambdaRepositoryArn",
                        },
                      ],
                    },
                  ],
                },
                ".",
                Object {
                  "Ref": "AWS::URLSuffix",
                },
                "/",
                Object {
                  "Fn::ImportValue": "NotificationLambdaRepositoryName",
                },
                ":",
                Object {
                  "Ref": "BuildId",
                },
              ],
            ],
          },
        },
        "Description": "sends notifications for android-beta",
        "Environment": Object {
          "Variables": Object {
            "App": "android-beta",
            "Platform": "android-beta",
            "Stack": "mobile-notifications-workers",
            "Stage": "PROD",
          },
        },
        "FunctionName": "mobile-notifications-workers-android-beta-sender-ctr-PROD",
        "ImageConfig": Object {
          "Command": Array [
            "com.gu.notifications.worker.AndroidSender::handleChunkTokens",
          ],
        },
        "MemorySize": 10240,
        "PackageType": "Image",
        "ReservedConcurrentExecutions": Object {
          "Ref": "ReservedConcurrency",
        },
        "Role": Object {
          "Fn::GetAtt": Array [
            "androidbetaExecutionRoleFA113395",
            "Arn",
          ],
        },
        "Tags": Array [
          Object {
            "Key": "App",
            "Value": "android-beta",
          },
          Object {
            "Key": "gu:cdk:version",
            "Value": "48.5.0",
          },
          Object {
            "Key": "gu:repo",
            "Value": "guardian/mobile-n10n",
          },
          Object {
            "Key": "Stack",
            "Value": "mobile-notifications-workers",
          },
          Object {
            "Key": "Stage",
            "Value": "PROD",
          },
        ],
        "Timeout": 90,
      },
      "Type": "AWS::Lambda::Function",
    },
    "androidbetaSenderQueueSSMParameterCEB2EE8F": Object {
      "Properties": Object {
        "DataType": "text",
        "Name": "/notifications/PROD/workers/harvester/androidBetaSqsCdkUrl",
        "Tags": Object {
          "App": "android-beta",
          "Stack": "mobile-notifications-workers",
          "Stage": "PROD",
          "gu:cdk:version": "48.5.0",
          "gu:repo": "guardian/mobile-n10n",
        },
        "Tier": "Standard",
        "Type": "String",
        "Value": Object {
          "Ref": "androidbetaSenderSqs57513D18",
        },
      },
      "Type": "AWS::SSM::Parameter",
    },
    "androidbetaSenderSqs57513D18": Object {
      "DeletionPolicy": "Delete",
      "Properties": Object {
        "MessageRetentionPeriod": 3600,
        "RedrivePolicy": Object {
          "deadLetterTargetArn": Object {
            "Fn::GetAtt": Array [
              "androidbetaSenderDlqE9C306E1",
              "Arn",
            ],
          },
          "maxReceiveCount": 5,
        },
        "Tags": Array [
          Object {
            "Key": "App",
            "Value": "android-beta",
          },
          Object {
            "Key": "gu:cdk:version",
            "Value": "48.5.0",
          },
          Object {
            "Key": "gu:repo",
            "Value": "guardian/mobile-n10n",
          },
          Object {
            "Key": "Stack",
            "Value": "mobile-notifications-workers",
          },
          Object {
            "Key": "Stage",
            "Value": "PROD",
          },
        ],
        "VisibilityTimeout": 100,
      },
      "Type": "AWS::SQS::Queue",
      "UpdateReplacePolicy": "Delete",
    },
    "androidbetaSenderSqsEventSourceMappingA8FE78C9": Object {
      "DependsOn": Array [
        "androidbetaSenderSqs57513D18",
        "SenderLambdaJarandroidbeta94DB936B",
      ],
      "Properties": Object {
        "BatchSize": 1,
        "Enabled": true,
        "EventSourceArn": Object {
          "Fn::GetAtt": Array [
            "androidbetaSenderSqs57513D18",
            "Arn",
          ],
        },
        "FunctionName": Object {
          "Ref": "SenderLambdaJarandroidbeta94DB936B",
        },
        "MaximumBatchingWindowInSeconds": 0,
      },
      "Type": "AWS::Lambda::EventSourceMapping",
    },
    "androidbetaSenderThrottleAlarmEA10B1A4": Object {
      "Properties": Object {
        "AlarmActions": Array [
          Object {
            "Ref": "AlarmTopicArn",
          },
        ],
        "AlarmDescription": "Triggers if the android-beta sender lambda is throttled in PROD.",
        "ComparisonOperator": "GreaterThanThreshold",
        "Dimensions": Array [
          Object {
            "Name": "FunctionName",
            "Value": Object {
              "Ref": "androidbetaSenderLambdaCtrB3CF7FC4",
            },
          },
        ],
        "EvaluationPeriods": 1,
        "MetricName": "Throttles",
        "Namespace": "AWS/Lambda",
        "OKActions": Array [
          Object {
            "Ref": "AlarmTopicArn",
          },
        ],
        "Period": 360,
        "Statistic": "Sum",
        "Threshold": 0,
        "TreatMissingData": "notBreaching",
      },
      "Type": "AWS::CloudWatch::Alarm",
    },
    "androidbetaSenderTooFewInvocationsAlarm7B50CD4B": Object {
      "Properties": Object {
        "ActionsEnabled": false,
        "AlarmActions": Array [
          Object {
            "Ref": "AlarmTopicArn",
          },
        ],
        "AlarmDescription": "Triggers if the android-beta sender lambda is not frequently invoked in PROD.",
        "ComparisonOperator": "LessThanOrEqualToThreshold",
        "Dimensions": Array [
          Object {
            "Name": "FunctionName",
            "Value": Object {
              "Ref": "androidbetaSenderLambdaCtrB3CF7FC4",
            },
          },
        ],
        "EvaluationPeriods": 1,
        "MetricName": "Invocations",
        "Namespace": "AWS/Lambda",
        "OKActions": Array [
          Object {
            "Ref": "AlarmTopicArn",
          },
        ],
        "Period": 360,
        "Statistic": "Sum",
        "Threshold": 0,
        "TreatMissingData": "breaching",
      },
      "Type": "AWS::CloudWatch::Alarm",
    },
    "androideditionExecutionRoleDEF8ADAE": Object {
      "Properties": Object {
        "AssumeRolePolicyDocument": Object {
          "Statement": Array [
            Object {
              "Action": "sts:AssumeRole",
              "Effect": "Allow",
              "Principal": Object {
                "Service": "lambda.amazonaws.com",
              },
            },
          ],
          "Version": "2012-10-17",
        },
        "Path": "/",
        "Policies": Array [
          Object {
            "PolicyDocument": Object {
              "Statement": Array [
                Object {
                  "Action": "logs:CreateLogGroup",
                  "Effect": "Allow",
                  "Resource": Object {
                    "Fn::Join": Array [
                      "",
                      Array [
                        "arn:aws:logs:eu-west-1:",
                        Object {
                          "Ref": "AWS::AccountId",
                        },
                        ":*",
                      ],
                    ],
                  },
                },
                Object {
                  "Action": Array [
                    "logs:CreateLogStream",
                    "logs:PutLogEvents",
                  ],
                  "Effect": "Allow",
                  "Resource": Object {
                    "Fn::Join": Array [
                      "",
                      Array [
                        "arn:aws:logs:eu-west-1:",
                        Object {
                          "Ref": "AWS::AccountId",
                        },
                        ":log-group:/aws/lambda/*:*",
                      ],
                    ],
                  },
                },
              ],
              "Version": "2012-10-17",
            },
            "PolicyName": "logs",
          },
          Object {
            "PolicyDocument": Object {
              "Statement": Array [
                Object {
                  "Action": "sqs:*",
                  "Effect": "Allow",
                  "Resource": Object {
                    "Fn::GetAtt": Array [
                      "androideditionSenderSqs400C0F3A",
                      "Arn",
                    ],
                  },
                },
              ],
              "Version": "2012-10-17",
            },
            "PolicyName": "SQSOutput",
          },
          Object {
            "PolicyDocument": Object {
              "Statement": Array [
                Object {
                  "Action": "sqs:SendMessage",
                  "Effect": "Allow",
                  "Resource": Object {
                    "Ref": "CleanerQueueArnParam",
                  },
                },
              ],
              "Version": "2012-10-17",
            },
            "PolicyName": "SQSInput",
          },
          Object {
            "PolicyDocument": Object {
              "Statement": Array [
                Object {
                  "Action": "ssm:GetParametersByPath",
                  "Effect": "Allow",
                  "Resource": Object {
                    "Fn::Join": Array [
                      "",
                      Array [
                        "arn:aws:ssm:",
                        Object {
                          "Ref": "AWS::Region",
                        },
                        ":",
                        Object {
                          "Ref": "AWS::AccountId",
                        },
                        ":parameter/notifications/PROD/workers/android-edition",
                      ],
                    ],
                  },
                },
              ],
              "Version": "2012-10-17",
            },
            "PolicyName": "Conf",
          },
          Object {
            "PolicyDocument": Object {
              "Statement": Array [
                Object {
                  "Action": "cloudwatch:PutMetricData",
                  "Effect": "Allow",
                  "Resource": "*",
                },
              ],
              "Version": "2012-10-17",
            },
            "PolicyName": "Cloudwatch",
          },
        ],
        "Tags": Array [
          Object {
            "Key": "App",
            "Value": "android-edition",
          },
          Object {
            "Key": "gu:cdk:version",
            "Value": "48.5.0",
          },
          Object {
            "Key": "gu:repo",
            "Value": "guardian/mobile-n10n",
          },
          Object {
            "Key": "Stack",
            "Value": "mobile-notifications-workers",
          },
          Object {
            "Key": "Stage",
            "Value": "PROD",
          },
        ],
      },
      "Type": "AWS::IAM::Role",
    },
    "androideditionExecutionRoleDefaultPolicyBDC1328A": Object {
      "Properties": Object {
        "PolicyDocument": Object {
          "Statement": Array [
            Object {
              "Action": Array [
                "s3:GetObject*",
                "s3:GetBucket*",
                "s3:List*",
              ],
              "Effect": "Allow",
              "Resource": Array [
                Object {
                  "Fn::Join": Array [
                    "",
                    Array [
                      "arn:",
                      Object {
                        "Ref": "AWS::Partition",
                      },
                      ":s3:::",
                      Object {
                        "Ref": "DistributionBucketName",
                      },
                    ],
                  ],
                },
                Object {
                  "Fn::Join": Array [
                    "",
                    Array [
                      "arn:",
                      Object {
                        "Ref": "AWS::Partition",
                      },
                      ":s3:::",
                      Object {
                        "Ref": "DistributionBucketName",
                      },
                      "/mobile-notifications-workers/PROD/n10n-workers/notificationworkerlambda.jar",
                    ],
                  ],
                },
              ],
            },
            Object {
              "Action": "ssm:GetParametersByPath",
              "Effect": "Allow",
              "Resource": Object {
                "Fn::Join": Array [
                  "",
                  Array [
                    "arn:aws:ssm:",
                    Object {
                      "Ref": "AWS::Region",
                    },
                    ":",
                    Object {
                      "Ref": "AWS::AccountId",
                    },
                    ":parameter/PROD/mobile-notifications-workers/n10n-workers",
                  ],
                ],
              },
            },
            Object {
              "Action": Array [
                "ssm:GetParameters",
                "ssm:GetParameter",
              ],
              "Effect": "Allow",
              "Resource": Object {
                "Fn::Join": Array [
                  "",
                  Array [
                    "arn:aws:ssm:",
                    Object {
                      "Ref": "AWS::Region",
                    },
                    ":",
                    Object {
                      "Ref": "AWS::AccountId",
                    },
                    ":parameter/PROD/mobile-notifications-workers/n10n-workers/*",
                  ],
                ],
              },
            },
          ],
          "Version": "2012-10-17",
        },
        "PolicyName": "androideditionExecutionRoleDefaultPolicyBDC1328A",
        "Roles": Array [
          Object {
            "Ref": "androideditionExecutionRoleDEF8ADAE",
          },
        ],
      },
      "Type": "AWS::IAM::Policy",
    },
    "androideditionSenderDlqE5B23A41": Object {
      "DeletionPolicy": "Delete",
      "Properties": Object {
        "Tags": Array [
          Object {
            "Key": "App",
            "Value": "android-edition",
          },
          Object {
            "Key": "gu:cdk:version",
            "Value": "48.5.0",
          },
          Object {
            "Key": "gu:repo",
            "Value": "guardian/mobile-n10n",
          },
          Object {
            "Key": "Stack",
            "Value": "mobile-notifications-workers",
          },
          Object {
            "Key": "Stage",
            "Value": "PROD",
          },
        ],
      },
      "Type": "AWS::SQS::Queue",
      "UpdateReplacePolicy": "Delete",
    },
    "androideditionSenderErrorAlarmD6FB170B": Object {
      "Properties": Object {
        "AlarmActions": Array [
          Object {
            "Ref": "AlarmTopicArn",
          },
        ],
        "AlarmDescription": "Triggers if the android-edition sender lambda errors in PROD.",
        "ComparisonOperator": "GreaterThanThreshold",
        "Dimensions": Array [
          Object {
            "Name": "FunctionName",
            "Value": Object {
              "Ref": "androideditionSenderLambdaCtrF0169D16",
            },
          },
        ],
        "EvaluationPeriods": 1,
        "MetricName": "Errors",
        "Namespace": "AWS/Lambda",
        "OKActions": Array [
          Object {
            "Ref": "AlarmTopicArn",
          },
        ],
        "Period": 360,
        "Statistic": "Sum",
        "Threshold": 0,
        "TreatMissingData": "notBreaching",
      },
      "Type": "AWS::CloudWatch::Alarm",
    },
    "androideditionSenderLambdaCtrF0169D16": Object {
      "DependsOn": Array [
        "androideditionExecutionRoleDefaultPolicyBDC1328A",
        "androideditionExecutionRoleDEF8ADAE",
      ],
      "Properties": Object {
        "Code": Object {
          "ImageUri": Object {
            "Fn::Join": Array [
              "",
              Array [
                Object {
                  "Fn::Select": Array [
                    4,
                    Object {
                      "Fn::Split": Array [
                        ":",
                        Object {
                          "Fn::ImportValue": "NotificationLambdaRepositoryArn",
                        },
                      ],
                    },
                  ],
                },
                ".dkr.ecr.",
                Object {
                  "Fn::Select": Array [
                    3,
                    Object {
                      "Fn::Split": Array [
                        ":",
                        Object {
                          "Fn::ImportValue": "NotificationLambdaRepositoryArn",
                        },
                      ],
                    },
                  ],
                },
                ".",
                Object {
                  "Ref": "AWS::URLSuffix",
                },
                "/",
                Object {
                  "Fn::ImportValue": "NotificationLambdaRepositoryName",
                },
                ":",
                Object {
                  "Ref": "BuildId",
                },
              ],
            ],
          },
        },
        "Description": "sends notifications for android-edition",
        "Environment": Object {
          "Variables": Object {
            "App": "android-edition",
            "Platform": "android-edition",
            "Stack": "mobile-notifications-workers",
            "Stage": "PROD",
          },
        },
        "FunctionName": "mobile-notifications-workers-android-edition-sender-ctr-PROD",
        "ImageConfig": Object {
          "Command": Array [
            "com.gu.notifications.worker.AndroidSender::handleChunkTokens",
          ],
        },
        "MemorySize": 10240,
        "PackageType": "Image",
        "ReservedConcurrentExecutions": Object {
          "Ref": "ReservedConcurrency",
        },
        "Role": Object {
          "Fn::GetAtt": Array [
            "androideditionExecutionRoleDEF8ADAE",
            "Arn",
          ],
        },
        "Tags": Array [
          Object {
            "Key": "App",
            "Value": "android-edition",
          },
          Object {
            "Key": "gu:cdk:version",
            "Value": "48.5.0",
          },
          Object {
            "Key": "gu:repo",
            "Value": "guardian/mobile-n10n",
          },
          Object {
            "Key": "Stack",
            "Value": "mobile-notifications-workers",
          },
          Object {
            "Key": "Stage",
            "Value": "PROD",
          },
        ],
        "Timeout": 90,
      },
      "Type": "AWS::Lambda::Function",
    },
    "androideditionSenderQueueSSMParameterEC513AB5": Object {
      "Properties": Object {
        "DataType": "text",
        "Name": "/notifications/PROD/workers/harvester/androidEditionSqsCdkUrl",
        "Tags": Object {
          "App": "android-edition",
          "Stack": "mobile-notifications-workers",
          "Stage": "PROD",
          "gu:cdk:version": "48.5.0",
          "gu:repo": "guardian/mobile-n10n",
        },
        "Tier": "Standard",
        "Type": "String",
        "Value": Object {
          "Ref": "androideditionSenderSqs400C0F3A",
        },
      },
      "Type": "AWS::SSM::Parameter",
    },
    "androideditionSenderSqs400C0F3A": Object {
      "DeletionPolicy": "Delete",
      "Properties": Object {
        "MessageRetentionPeriod": 3600,
        "RedrivePolicy": Object {
          "deadLetterTargetArn": Object {
            "Fn::GetAtt": Array [
              "androideditionSenderDlqE5B23A41",
              "Arn",
            ],
          },
          "maxReceiveCount": 5,
        },
        "Tags": Array [
          Object {
            "Key": "App",
            "Value": "android-edition",
          },
          Object {
            "Key": "gu:cdk:version",
            "Value": "48.5.0",
          },
          Object {
            "Key": "gu:repo",
            "Value": "guardian/mobile-n10n",
          },
          Object {
            "Key": "Stack",
            "Value": "mobile-notifications-workers",
          },
          Object {
            "Key": "Stage",
            "Value": "PROD",
          },
        ],
        "VisibilityTimeout": 100,
      },
      "Type": "AWS::SQS::Queue",
      "UpdateReplacePolicy": "Delete",
    },
    "androideditionSenderSqsEventSourceMapping87D2DEDF": Object {
      "DependsOn": Array [
        "androideditionSenderSqs400C0F3A",
        "SenderLambdaJarandroidedition5E56318E",
      ],
      "Properties": Object {
        "BatchSize": 1,
        "Enabled": true,
        "EventSourceArn": Object {
          "Fn::GetAtt": Array [
            "androideditionSenderSqs400C0F3A",
            "Arn",
          ],
        },
        "FunctionName": Object {
          "Ref": "SenderLambdaJarandroidedition5E56318E",
        },
        "MaximumBatchingWindowInSeconds": 0,
      },
      "Type": "AWS::Lambda::EventSourceMapping",
    },
    "androideditionSenderThrottleAlarmBE557A69": Object {
      "Properties": Object {
        "AlarmActions": Array [
          Object {
            "Ref": "AlarmTopicArn",
          },
        ],
        "AlarmDescription": "Triggers if the android-edition sender lambda is throttled in PROD.",
        "ComparisonOperator": "GreaterThanThreshold",
        "Dimensions": Array [
          Object {
            "Name": "FunctionName",
            "Value": Object {
              "Ref": "androideditionSenderLambdaCtrF0169D16",
            },
          },
        ],
        "EvaluationPeriods": 1,
        "MetricName": "Throttles",
        "Namespace": "AWS/Lambda",
        "OKActions": Array [
          Object {
            "Ref": "AlarmTopicArn",
          },
        ],
        "Period": 360,
        "Statistic": "Sum",
        "Threshold": 0,
        "TreatMissingData": "notBreaching",
      },
      "Type": "AWS::CloudWatch::Alarm",
    },
    "androideditionSenderTooFewInvocationsAlarmE4AB00FB": Object {
      "Properties": Object {
        "ActionsEnabled": false,
        "AlarmActions": Array [
          Object {
            "Ref": "AlarmTopicArn",
          },
        ],
        "AlarmDescription": "Triggers if the android-edition sender lambda is not frequently invoked in PROD.",
        "ComparisonOperator": "LessThanOrEqualToThreshold",
        "Dimensions": Array [
          Object {
            "Name": "FunctionName",
            "Value": Object {
              "Ref": "androideditionSenderLambdaCtrF0169D16",
            },
          },
        ],
        "EvaluationPeriods": 1,
        "MetricName": "Invocations",
        "Namespace": "AWS/Lambda",
        "OKActions": Array [
          Object {
            "Ref": "AlarmTopicArn",
          },
        ],
        "Period": 360,
        "Statistic": "Sum",
        "Threshold": 0,
        "TreatMissingData": "breaching",
      },
      "Type": "AWS::CloudWatch::Alarm",
    },
    "iosExecutionRoleDefaultPolicyFB4A61D5": Object {
      "Properties": Object {
        "PolicyDocument": Object {
          "Statement": Array [
            Object {
              "Action": Array [
                "s3:GetObject*",
                "s3:GetBucket*",
                "s3:List*",
              ],
              "Effect": "Allow",
              "Resource": Array [
                Object {
                  "Fn::Join": Array [
                    "",
                    Array [
                      "arn:",
                      Object {
                        "Ref": "AWS::Partition",
                      },
                      ":s3:::",
                      Object {
                        "Ref": "DistributionBucketName",
                      },
                    ],
                  ],
                },
                Object {
                  "Fn::Join": Array [
                    "",
                    Array [
                      "arn:",
                      Object {
                        "Ref": "AWS::Partition",
                      },
                      ":s3:::",
                      Object {
                        "Ref": "DistributionBucketName",
                      },
                      "/mobile-notifications-workers/PROD/n10n-workers/notificationworkerlambda.jar",
                    ],
                  ],
                },
              ],
            },
            Object {
              "Action": "ssm:GetParametersByPath",
              "Effect": "Allow",
              "Resource": Object {
                "Fn::Join": Array [
                  "",
                  Array [
                    "arn:aws:ssm:",
                    Object {
                      "Ref": "AWS::Region",
                    },
                    ":",
                    Object {
                      "Ref": "AWS::AccountId",
                    },
                    ":parameter/PROD/mobile-notifications-workers/n10n-workers",
                  ],
                ],
              },
            },
            Object {
              "Action": Array [
                "ssm:GetParameters",
                "ssm:GetParameter",
              ],
              "Effect": "Allow",
              "Resource": Object {
                "Fn::Join": Array [
                  "",
                  Array [
                    "arn:aws:ssm:",
                    Object {
                      "Ref": "AWS::Region",
                    },
                    ":",
                    Object {
                      "Ref": "AWS::AccountId",
                    },
                    ":parameter/PROD/mobile-notifications-workers/n10n-workers/*",
                  ],
                ],
              },
            },
          ],
          "Version": "2012-10-17",
        },
        "PolicyName": "iosExecutionRoleDefaultPolicyFB4A61D5",
        "Roles": Array [
          Object {
            "Ref": "iosExecutionRoleEE25DF12",
          },
        ],
      },
      "Type": "AWS::IAM::Policy",
    },
    "iosExecutionRoleEE25DF12": Object {
      "Properties": Object {
        "AssumeRolePolicyDocument": Object {
          "Statement": Array [
            Object {
              "Action": "sts:AssumeRole",
              "Effect": "Allow",
              "Principal": Object {
                "Service": "lambda.amazonaws.com",
              },
            },
          ],
          "Version": "2012-10-17",
        },
        "Path": "/",
        "Policies": Array [
          Object {
            "PolicyDocument": Object {
              "Statement": Array [
                Object {
                  "Action": "logs:CreateLogGroup",
                  "Effect": "Allow",
                  "Resource": Object {
                    "Fn::Join": Array [
                      "",
                      Array [
                        "arn:aws:logs:eu-west-1:",
                        Object {
                          "Ref": "AWS::AccountId",
                        },
                        ":*",
                      ],
                    ],
                  },
                },
                Object {
                  "Action": Array [
                    "logs:CreateLogStream",
                    "logs:PutLogEvents",
                  ],
                  "Effect": "Allow",
                  "Resource": Object {
                    "Fn::Join": Array [
                      "",
                      Array [
                        "arn:aws:logs:eu-west-1:",
                        Object {
                          "Ref": "AWS::AccountId",
                        },
                        ":log-group:/aws/lambda/*:*",
                      ],
                    ],
                  },
                },
              ],
              "Version": "2012-10-17",
            },
            "PolicyName": "logs",
          },
          Object {
            "PolicyDocument": Object {
              "Statement": Array [
                Object {
                  "Action": "sqs:*",
                  "Effect": "Allow",
                  "Resource": Object {
                    "Fn::GetAtt": Array [
                      "iosSenderSqsA94CB0A0",
                      "Arn",
                    ],
                  },
                },
              ],
              "Version": "2012-10-17",
            },
            "PolicyName": "SQSOutput",
          },
          Object {
            "PolicyDocument": Object {
              "Statement": Array [
                Object {
                  "Action": "sqs:SendMessage",
                  "Effect": "Allow",
                  "Resource": Object {
                    "Ref": "CleanerQueueArnParam",
                  },
                },
              ],
              "Version": "2012-10-17",
            },
            "PolicyName": "SQSInput",
          },
          Object {
            "PolicyDocument": Object {
              "Statement": Array [
                Object {
                  "Action": "ssm:GetParametersByPath",
                  "Effect": "Allow",
                  "Resource": Object {
                    "Fn::Join": Array [
                      "",
                      Array [
                        "arn:aws:ssm:",
                        Object {
                          "Ref": "AWS::Region",
                        },
                        ":",
                        Object {
                          "Ref": "AWS::AccountId",
                        },
                        ":parameter/notifications/PROD/workers/ios",
                      ],
                    ],
                  },
                },
              ],
              "Version": "2012-10-17",
            },
            "PolicyName": "Conf",
          },
          Object {
            "PolicyDocument": Object {
              "Statement": Array [
                Object {
                  "Action": "cloudwatch:PutMetricData",
                  "Effect": "Allow",
                  "Resource": "*",
                },
              ],
              "Version": "2012-10-17",
            },
            "PolicyName": "Cloudwatch",
          },
        ],
        "Tags": Array [
          Object {
            "Key": "App",
            "Value": "ios",
          },
          Object {
            "Key": "gu:cdk:version",
            "Value": "48.5.0",
          },
          Object {
            "Key": "gu:repo",
            "Value": "guardian/mobile-n10n",
          },
          Object {
            "Key": "Stack",
            "Value": "mobile-notifications-workers",
          },
          Object {
            "Key": "Stage",
            "Value": "PROD",
          },
        ],
      },
      "Type": "AWS::IAM::Role",
    },
    "iosSenderDlqE2E2925D": Object {
      "DeletionPolicy": "Delete",
      "Properties": Object {
        "Tags": Array [
          Object {
            "Key": "App",
            "Value": "ios",
          },
          Object {
            "Key": "gu:cdk:version",
            "Value": "48.5.0",
          },
          Object {
            "Key": "gu:repo",
            "Value": "guardian/mobile-n10n",
          },
          Object {
            "Key": "Stack",
            "Value": "mobile-notifications-workers",
          },
          Object {
            "Key": "Stage",
            "Value": "PROD",
          },
        ],
      },
      "Type": "AWS::SQS::Queue",
      "UpdateReplacePolicy": "Delete",
    },
    "iosSenderErrorAlarmAD88F28E": Object {
      "Properties": Object {
        "AlarmActions": Array [
          Object {
            "Ref": "AlarmTopicArn",
          },
        ],
        "AlarmDescription": "Triggers if the ios sender lambda errors in PROD.",
        "ComparisonOperator": "GreaterThanThreshold",
        "Dimensions": Array [
          Object {
            "Name": "FunctionName",
            "Value": Object {
              "Ref": "iosSenderLambdaCtr6053C1F8",
            },
          },
        ],
        "EvaluationPeriods": 1,
        "MetricName": "Errors",
        "Namespace": "AWS/Lambda",
        "OKActions": Array [
          Object {
            "Ref": "AlarmTopicArn",
          },
        ],
        "Period": 360,
        "Statistic": "Sum",
        "Threshold": 0,
        "TreatMissingData": "notBreaching",
      },
      "Type": "AWS::CloudWatch::Alarm",
    },
    "iosSenderLambdaCtr6053C1F8": Object {
      "DependsOn": Array [
        "iosExecutionRoleDefaultPolicyFB4A61D5",
        "iosExecutionRoleEE25DF12",
      ],
      "Properties": Object {
        "Code": Object {
          "ImageUri": Object {
            "Fn::Join": Array [
              "",
              Array [
                Object {
                  "Fn::Select": Array [
                    4,
                    Object {
                      "Fn::Split": Array [
                        ":",
                        Object {
                          "Fn::ImportValue": "NotificationLambdaRepositoryArn",
                        },
                      ],
                    },
                  ],
                },
                ".dkr.ecr.",
                Object {
                  "Fn::Select": Array [
                    3,
                    Object {
                      "Fn::Split": Array [
                        ":",
                        Object {
                          "Fn::ImportValue": "NotificationLambdaRepositoryArn",
                        },
                      ],
                    },
                  ],
                },
                ".",
                Object {
                  "Ref": "AWS::URLSuffix",
                },
                "/",
                Object {
                  "Fn::ImportValue": "NotificationLambdaRepositoryName",
                },
                ":",
                Object {
                  "Ref": "BuildId",
                },
              ],
            ],
          },
        },
        "Description": "sends notifications for ios",
        "Environment": Object {
          "Variables": Object {
            "App": "ios",
            "Platform": "ios",
            "Stack": "mobile-notifications-workers",
            "Stage": "PROD",
          },
        },
        "FunctionName": "mobile-notifications-workers-ios-sender-ctr-PROD",
        "ImageConfig": Object {
          "Command": Array [
            "com.gu.notifications.worker.IOSSender::handleChunkTokens",
          ],
        },
        "MemorySize": 10240,
        "PackageType": "Image",
        "ReservedConcurrentExecutions": Object {
          "Ref": "ReservedConcurrency",
        },
        "Role": Object {
          "Fn::GetAtt": Array [
            "iosExecutionRoleEE25DF12",
            "Arn",
          ],
        },
        "Tags": Array [
          Object {
            "Key": "App",
            "Value": "ios",
          },
          Object {
            "Key": "gu:cdk:version",
            "Value": "48.5.0",
          },
          Object {
            "Key": "gu:repo",
            "Value": "guardian/mobile-n10n",
          },
          Object {
            "Key": "Stack",
            "Value": "mobile-notifications-workers",
          },
          Object {
            "Key": "Stage",
            "Value": "PROD",
          },
        ],
        "Timeout": 90,
      },
      "Type": "AWS::Lambda::Function",
    },
    "iosSenderQueueSSMParameter921EF0C9": Object {
      "Properties": Object {
        "DataType": "text",
        "Name": "/notifications/PROD/workers/harvester/iosLiveSqsCdkUrl",
        "Tags": Object {
          "App": "ios",
          "Stack": "mobile-notifications-workers",
          "Stage": "PROD",
          "gu:cdk:version": "48.5.0",
          "gu:repo": "guardian/mobile-n10n",
        },
        "Tier": "Standard",
        "Type": "String",
        "Value": Object {
          "Ref": "iosSenderSqsA94CB0A0",
        },
      },
      "Type": "AWS::SSM::Parameter",
    },
    "iosSenderSqsA94CB0A0": Object {
      "DeletionPolicy": "Delete",
      "Properties": Object {
        "MessageRetentionPeriod": 3600,
        "RedrivePolicy": Object {
          "deadLetterTargetArn": Object {
            "Fn::GetAtt": Array [
              "iosSenderDlqE2E2925D",
              "Arn",
            ],
          },
          "maxReceiveCount": 5,
        },
        "Tags": Array [
          Object {
            "Key": "App",
            "Value": "ios",
          },
          Object {
            "Key": "gu:cdk:version",
            "Value": "48.5.0",
          },
          Object {
            "Key": "gu:repo",
            "Value": "guardian/mobile-n10n",
          },
          Object {
            "Key": "Stack",
            "Value": "mobile-notifications-workers",
          },
          Object {
            "Key": "Stage",
            "Value": "PROD",
          },
        ],
        "VisibilityTimeout": 100,
      },
      "Type": "AWS::SQS::Queue",
      "UpdateReplacePolicy": "Delete",
    },
    "iosSenderSqsEventSourceMapping2E507F40": Object {
      "DependsOn": Array [
        "iosSenderSqsA94CB0A0",
        "SenderLambdaJarios873F4401",
      ],
      "Properties": Object {
        "BatchSize": 1,
        "Enabled": true,
        "EventSourceArn": Object {
          "Fn::GetAtt": Array [
            "iosSenderSqsA94CB0A0",
            "Arn",
          ],
        },
        "FunctionName": Object {
          "Ref": "SenderLambdaJarios873F4401",
        },
        "MaximumBatchingWindowInSeconds": 0,
      },
      "Type": "AWS::Lambda::EventSourceMapping",
    },
    "iosSenderThrottleAlarmFCACC1F8": Object {
      "Properties": Object {
        "AlarmActions": Array [
          Object {
            "Ref": "AlarmTopicArn",
          },
        ],
        "AlarmDescription": "Triggers if the ios sender lambda is throttled in PROD.",
        "ComparisonOperator": "GreaterThanThreshold",
        "Dimensions": Array [
          Object {
            "Name": "FunctionName",
            "Value": Object {
              "Ref": "iosSenderLambdaCtr6053C1F8",
            },
          },
        ],
        "EvaluationPeriods": 1,
        "MetricName": "Throttles",
        "Namespace": "AWS/Lambda",
        "OKActions": Array [
          Object {
            "Ref": "AlarmTopicArn",
          },
        ],
        "Period": 360,
        "Statistic": "Sum",
        "Threshold": 0,
        "TreatMissingData": "notBreaching",
      },
      "Type": "AWS::CloudWatch::Alarm",
    },
    "iosSenderTooFewInvocationsAlarm14117FE9": Object {
      "Properties": Object {
        "ActionsEnabled": false,
        "AlarmActions": Array [
          Object {
            "Ref": "AlarmTopicArn",
          },
        ],
        "AlarmDescription": "Triggers if the ios sender lambda is not frequently invoked in PROD.",
        "ComparisonOperator": "LessThanOrEqualToThreshold",
        "Dimensions": Array [
          Object {
            "Name": "FunctionName",
            "Value": Object {
              "Ref": "iosSenderLambdaCtr6053C1F8",
            },
          },
        ],
        "EvaluationPeriods": 1,
        "MetricName": "Invocations",
        "Namespace": "AWS/Lambda",
        "OKActions": Array [
          Object {
            "Ref": "AlarmTopicArn",
          },
        ],
        "Period": 360,
        "Statistic": "Sum",
        "Threshold": 0,
        "TreatMissingData": "breaching",
      },
      "Type": "AWS::CloudWatch::Alarm",
    },
    "ioseditionExecutionRole61247F06": Object {
      "Properties": Object {
        "AssumeRolePolicyDocument": Object {
          "Statement": Array [
            Object {
              "Action": "sts:AssumeRole",
              "Effect": "Allow",
              "Principal": Object {
                "Service": "lambda.amazonaws.com",
              },
            },
          ],
          "Version": "2012-10-17",
        },
        "Path": "/",
        "Policies": Array [
          Object {
            "PolicyDocument": Object {
              "Statement": Array [
                Object {
                  "Action": "logs:CreateLogGroup",
                  "Effect": "Allow",
                  "Resource": Object {
                    "Fn::Join": Array [
                      "",
                      Array [
                        "arn:aws:logs:eu-west-1:",
                        Object {
                          "Ref": "AWS::AccountId",
                        },
                        ":*",
                      ],
                    ],
                  },
                },
                Object {
                  "Action": Array [
                    "logs:CreateLogStream",
                    "logs:PutLogEvents",
                  ],
                  "Effect": "Allow",
                  "Resource": Object {
                    "Fn::Join": Array [
                      "",
                      Array [
                        "arn:aws:logs:eu-west-1:",
                        Object {
                          "Ref": "AWS::AccountId",
                        },
                        ":log-group:/aws/lambda/*:*",
                      ],
                    ],
                  },
                },
              ],
              "Version": "2012-10-17",
            },
            "PolicyName": "logs",
          },
          Object {
            "PolicyDocument": Object {
              "Statement": Array [
                Object {
                  "Action": "sqs:*",
                  "Effect": "Allow",
                  "Resource": Object {
                    "Fn::GetAtt": Array [
                      "ioseditionSenderSqsFDE339AC",
                      "Arn",
                    ],
                  },
                },
              ],
              "Version": "2012-10-17",
            },
            "PolicyName": "SQSOutput",
          },
          Object {
            "PolicyDocument": Object {
              "Statement": Array [
                Object {
                  "Action": "sqs:SendMessage",
                  "Effect": "Allow",
                  "Resource": Object {
                    "Ref": "CleanerQueueArnParam",
                  },
                },
              ],
              "Version": "2012-10-17",
            },
            "PolicyName": "SQSInput",
          },
          Object {
            "PolicyDocument": Object {
              "Statement": Array [
                Object {
                  "Action": "ssm:GetParametersByPath",
                  "Effect": "Allow",
                  "Resource": Object {
                    "Fn::Join": Array [
                      "",
                      Array [
                        "arn:aws:ssm:",
                        Object {
                          "Ref": "AWS::Region",
                        },
                        ":",
                        Object {
                          "Ref": "AWS::AccountId",
                        },
                        ":parameter/notifications/PROD/workers/ios-edition",
                      ],
                    ],
                  },
                },
              ],
              "Version": "2012-10-17",
            },
            "PolicyName": "Conf",
          },
          Object {
            "PolicyDocument": Object {
              "Statement": Array [
                Object {
                  "Action": "cloudwatch:PutMetricData",
                  "Effect": "Allow",
                  "Resource": "*",
                },
              ],
              "Version": "2012-10-17",
            },
            "PolicyName": "Cloudwatch",
          },
        ],
        "Tags": Array [
          Object {
            "Key": "App",
            "Value": "ios-edition",
          },
          Object {
            "Key": "gu:cdk:version",
            "Value": "48.5.0",
          },
          Object {
            "Key": "gu:repo",
            "Value": "guardian/mobile-n10n",
          },
          Object {
            "Key": "Stack",
            "Value": "mobile-notifications-workers",
          },
          Object {
            "Key": "Stage",
            "Value": "PROD",
          },
        ],
      },
      "Type": "AWS::IAM::Role",
    },
    "ioseditionExecutionRoleDefaultPolicy016CA14F": Object {
      "Properties": Object {
        "PolicyDocument": Object {
          "Statement": Array [
            Object {
              "Action": Array [
                "s3:GetObject*",
                "s3:GetBucket*",
                "s3:List*",
              ],
              "Effect": "Allow",
              "Resource": Array [
                Object {
                  "Fn::Join": Array [
                    "",
                    Array [
                      "arn:",
                      Object {
                        "Ref": "AWS::Partition",
                      },
                      ":s3:::",
                      Object {
                        "Ref": "DistributionBucketName",
                      },
                    ],
                  ],
                },
                Object {
                  "Fn::Join": Array [
                    "",
                    Array [
                      "arn:",
                      Object {
                        "Ref": "AWS::Partition",
                      },
                      ":s3:::",
                      Object {
                        "Ref": "DistributionBucketName",
                      },
                      "/mobile-notifications-workers/PROD/n10n-workers/notificationworkerlambda.jar",
                    ],
                  ],
                },
              ],
            },
            Object {
              "Action": "ssm:GetParametersByPath",
              "Effect": "Allow",
              "Resource": Object {
                "Fn::Join": Array [
                  "",
                  Array [
                    "arn:aws:ssm:",
                    Object {
                      "Ref": "AWS::Region",
                    },
                    ":",
                    Object {
                      "Ref": "AWS::AccountId",
                    },
                    ":parameter/PROD/mobile-notifications-workers/n10n-workers",
                  ],
                ],
              },
            },
            Object {
              "Action": Array [
                "ssm:GetParameters",
                "ssm:GetParameter",
              ],
              "Effect": "Allow",
              "Resource": Object {
                "Fn::Join": Array [
                  "",
                  Array [
                    "arn:aws:ssm:",
                    Object {
                      "Ref": "AWS::Region",
                    },
                    ":",
                    Object {
                      "Ref": "AWS::AccountId",
                    },
                    ":parameter/PROD/mobile-notifications-workers/n10n-workers/*",
                  ],
                ],
              },
            },
          ],
          "Version": "2012-10-17",
        },
        "PolicyName": "ioseditionExecutionRoleDefaultPolicy016CA14F",
        "Roles": Array [
          Object {
            "Ref": "ioseditionExecutionRole61247F06",
          },
        ],
      },
      "Type": "AWS::IAM::Policy",
    },
    "ioseditionSenderDlq85139531": Object {
      "DeletionPolicy": "Delete",
      "Properties": Object {
        "Tags": Array [
          Object {
            "Key": "App",
            "Value": "ios-edition",
          },
          Object {
            "Key": "gu:cdk:version",
            "Value": "48.5.0",
          },
          Object {
            "Key": "gu:repo",
            "Value": "guardian/mobile-n10n",
          },
          Object {
            "Key": "Stack",
            "Value": "mobile-notifications-workers",
          },
          Object {
            "Key": "Stage",
            "Value": "PROD",
          },
        ],
      },
      "Type": "AWS::SQS::Queue",
      "UpdateReplacePolicy": "Delete",
    },
    "ioseditionSenderErrorAlarm4CA6BA17": Object {
      "Properties": Object {
        "AlarmActions": Array [
          Object {
            "Ref": "AlarmTopicArn",
          },
        ],
        "AlarmDescription": "Triggers if the ios-edition sender lambda errors in PROD.",
        "ComparisonOperator": "GreaterThanThreshold",
        "Dimensions": Array [
          Object {
            "Name": "FunctionName",
            "Value": Object {
              "Ref": "ioseditionSenderLambdaCtr2410D4D7",
            },
          },
        ],
        "EvaluationPeriods": 1,
        "MetricName": "Errors",
        "Namespace": "AWS/Lambda",
        "OKActions": Array [
          Object {
            "Ref": "AlarmTopicArn",
          },
        ],
        "Period": 360,
        "Statistic": "Sum",
        "Threshold": 0,
        "TreatMissingData": "notBreaching",
      },
      "Type": "AWS::CloudWatch::Alarm",
    },
    "ioseditionSenderLambdaCtr2410D4D7": Object {
      "DependsOn": Array [
        "ioseditionExecutionRoleDefaultPolicy016CA14F",
        "ioseditionExecutionRole61247F06",
      ],
      "Properties": Object {
        "Code": Object {
          "ImageUri": Object {
            "Fn::Join": Array [
              "",
              Array [
                Object {
                  "Fn::Select": Array [
                    4,
                    Object {
                      "Fn::Split": Array [
                        ":",
                        Object {
                          "Fn::ImportValue": "NotificationLambdaRepositoryArn",
                        },
                      ],
                    },
                  ],
                },
                ".dkr.ecr.",
                Object {
                  "Fn::Select": Array [
                    3,
                    Object {
                      "Fn::Split": Array [
                        ":",
                        Object {
                          "Fn::ImportValue": "NotificationLambdaRepositoryArn",
                        },
                      ],
                    },
                  ],
                },
                ".",
                Object {
                  "Ref": "AWS::URLSuffix",
                },
                "/",
                Object {
                  "Fn::ImportValue": "NotificationLambdaRepositoryName",
                },
                ":",
                Object {
                  "Ref": "BuildId",
                },
              ],
            ],
          },
        },
        "Description": "sends notifications for ios-edition",
        "Environment": Object {
          "Variables": Object {
            "App": "ios-edition",
            "Platform": "ios-edition",
            "Stack": "mobile-notifications-workers",
            "Stage": "PROD",
          },
        },
        "FunctionName": "mobile-notifications-workers-ios-edition-sender-ctr-PROD",
        "ImageConfig": Object {
          "Command": Array [
            "com.gu.notifications.worker.IOSSender::handleChunkTokens",
          ],
        },
        "MemorySize": 10240,
        "PackageType": "Image",
        "ReservedConcurrentExecutions": Object {
          "Ref": "ReservedConcurrency",
        },
        "Role": Object {
          "Fn::GetAtt": Array [
            "ioseditionExecutionRole61247F06",
            "Arn",
          ],
        },
        "Tags": Array [
          Object {
            "Key": "App",
            "Value": "ios-edition",
          },
          Object {
            "Key": "gu:cdk:version",
            "Value": "48.5.0",
          },
          Object {
            "Key": "gu:repo",
            "Value": "guardian/mobile-n10n",
          },
          Object {
            "Key": "Stack",
            "Value": "mobile-notifications-workers",
          },
          Object {
            "Key": "Stage",
            "Value": "PROD",
          },
        ],
        "Timeout": 90,
      },
      "Type": "AWS::Lambda::Function",
    },
    "ioseditionSenderQueueSSMParameter4EAB5876": Object {
      "Properties": Object {
        "DataType": "text",
        "Name": "/notifications/PROD/workers/harvester/iosEditionSqsCdkUrl",
        "Tags": Object {
          "App": "ios-edition",
          "Stack": "mobile-notifications-workers",
          "Stage": "PROD",
          "gu:cdk:version": "48.5.0",
          "gu:repo": "guardian/mobile-n10n",
        },
        "Tier": "Standard",
        "Type": "String",
        "Value": Object {
          "Ref": "ioseditionSenderSqsFDE339AC",
        },
      },
      "Type": "AWS::SSM::Parameter",
    },
    "ioseditionSenderSqsEventSourceMapping9B8EF143": Object {
      "DependsOn": Array [
        "ioseditionSenderSqsFDE339AC",
        "SenderLambdaJariosedition077A38E4",
      ],
      "Properties": Object {
        "BatchSize": 1,
        "Enabled": true,
        "EventSourceArn": Object {
          "Fn::GetAtt": Array [
            "ioseditionSenderSqsFDE339AC",
            "Arn",
          ],
        },
        "FunctionName": Object {
          "Ref": "SenderLambdaJariosedition077A38E4",
        },
        "MaximumBatchingWindowInSeconds": 0,
      },
      "Type": "AWS::Lambda::EventSourceMapping",
    },
    "ioseditionSenderSqsFDE339AC": Object {
      "DeletionPolicy": "Delete",
      "Properties": Object {
        "MessageRetentionPeriod": 3600,
        "RedrivePolicy": Object {
          "deadLetterTargetArn": Object {
            "Fn::GetAtt": Array [
              "ioseditionSenderDlq85139531",
              "Arn",
            ],
          },
          "maxReceiveCount": 5,
        },
        "Tags": Array [
          Object {
            "Key": "App",
            "Value": "ios-edition",
          },
          Object {
            "Key": "gu:cdk:version",
            "Value": "48.5.0",
          },
          Object {
            "Key": "gu:repo",
            "Value": "guardian/mobile-n10n",
          },
          Object {
            "Key": "Stack",
            "Value": "mobile-notifications-workers",
          },
          Object {
            "Key": "Stage",
            "Value": "PROD",
          },
        ],
        "VisibilityTimeout": 100,
      },
      "Type": "AWS::SQS::Queue",
      "UpdateReplacePolicy": "Delete",
    },
    "ioseditionSenderThrottleAlarm3B81024B": Object {
      "Properties": Object {
        "AlarmActions": Array [
          Object {
            "Ref": "AlarmTopicArn",
          },
        ],
        "AlarmDescription": "Triggers if the ios-edition sender lambda is throttled in PROD.",
        "ComparisonOperator": "GreaterThanThreshold",
        "Dimensions": Array [
          Object {
            "Name": "FunctionName",
            "Value": Object {
              "Ref": "ioseditionSenderLambdaCtr2410D4D7",
            },
          },
        ],
        "EvaluationPeriods": 1,
        "MetricName": "Throttles",
        "Namespace": "AWS/Lambda",
        "OKActions": Array [
          Object {
            "Ref": "AlarmTopicArn",
          },
        ],
        "Period": 360,
        "Statistic": "Sum",
        "Threshold": 0,
        "TreatMissingData": "notBreaching",
      },
      "Type": "AWS::CloudWatch::Alarm",
    },
    "ioseditionSenderTooFewInvocationsAlarmD32BB28C": Object {
      "Properties": Object {
        "ActionsEnabled": false,
        "AlarmActions": Array [
          Object {
            "Ref": "AlarmTopicArn",
          },
        ],
        "AlarmDescription": "Triggers if the ios-edition sender lambda is not frequently invoked in PROD.",
        "ComparisonOperator": "LessThanOrEqualToThreshold",
        "Dimensions": Array [
          Object {
            "Name": "FunctionName",
            "Value": Object {
              "Ref": "ioseditionSenderLambdaCtr2410D4D7",
            },
          },
        ],
        "EvaluationPeriods": 1,
        "MetricName": "Invocations",
        "Namespace": "AWS/Lambda",
        "OKActions": Array [
          Object {
            "Ref": "AlarmTopicArn",
          },
        ],
        "Period": 360,
        "Statistic": "Sum",
        "Threshold": 0,
        "TreatMissingData": "breaching",
      },
      "Type": "AWS::CloudWatch::Alarm",
    },
  },
}
`;
